Qwen2ForCausalLM has generative capabilities, as `prepare_inputs_for_generation` is explicitly defined. However, it doesn't directly inherit from `GenerationMixin`. From 👉v4.50👈 onwards, `PreTrainedModel` will NOT inherit from `GenerationMixin`, and this model will lose the ability to call `generate` and other related functions.
  - If you're using `trust_remote_code=True`, you can get rid of this warning by loading the model with an auto class. See https://huggingface.co/docs/transformers/en/model_doc/auto#auto-classes
  - If you are the owner of the model architecture code, please modify your model class such that it inherits from `GenerationMixin` (after `PreTrainedModel`, otherwise you'll get an exception).
  - If you are not the owner of the model architecture class, please contact the model code owner to update it.
====================================================================================================
临界重算比例分析工具
====================================================================================================
样例: 4, 子问题: 1
设备: cuda:0
====================================================================================================

加载模型...
Loading checkpoint shards:   0%|          | 0/4 [00:00<?, ?it/s]Loading checkpoint shards:  25%|██▌       | 1/4 [00:00<00:02,  1.12it/s]Loading checkpoint shards:  50%|█████     | 2/4 [00:01<00:01,  1.18it/s]Loading checkpoint shards:  75%|███████▌  | 3/4 [00:02<00:00,  1.21it/s]Loading checkpoint shards: 100%|██████████| 4/4 [00:03<00:00,  1.26it/s]Loading checkpoint shards: 100%|██████████| 4/4 [00:03<00:00,  1.23it/s]
Qwen2ForCausalLM has generative capabilities, as `prepare_inputs_for_generation` is explicitly defined. However, it doesn't directly inherit from `GenerationMixin`. From 👉v4.50👈 onwards, `PreTrainedModel` will NOT inherit from `GenerationMixin`, and this model will lose the ability to call `generate` and other related functions.
  - If you're using `trust_remote_code=True`, you can get rid of this warning by loading the model with an auto class. See https://huggingface.co/docs/transformers/en/model_doc/auto#auto-classes
  - If you are the owner of the model architecture code, please modify your model class such that it inherits from `GenerationMixin` (after `PreTrainedModel`, otherwise you'll get an exception).
  - If you are not the owner of the model architecture class, please contact the model code owner to update it.
Qwen2ForCausalLM has generative capabilities, as `prepare_inputs_for_generation` is explicitly defined. However, it doesn't directly inherit from `GenerationMixin`. From 👉v4.50👈 onwards, `PreTrainedModel` will NOT inherit from `GenerationMixin`, and this model will lose the ability to call `generate` and other related functions.
  - If you're using `trust_remote_code=True`, you can get rid of this warning by loading the model with an auto class. See https://huggingface.co/docs/transformers/en/model_doc/auto#auto-classes
  - If you are the owner of the model architecture code, please modify your model class such that it inherits from `GenerationMixin` (after `PreTrainedModel`, otherwise you'll get an exception).
  - If you are not the owner of the model architecture class, please contact the model code owner to update it.

Model loaded with device_map across GPUs:
  : 0
加载数据...
Loading dataset from ./result_reflect.json...
Limited to first 5 main questions

================================================================================
Building document corpus with scope: global
================================================================================
  Main question 1: 10 unique documents, 1 sub-questions
  Main question 2: 10 unique documents, 1 sub-questions
  Main question 3: 10 unique documents, 1 sub-questions
  Main question 4: 11 unique documents, 2 sub-questions
  Main question 5: 19 unique documents, 2 sub-questions

================================================================================
DATASET STATISTICS
================================================================================
Total main questions: 5
  - Testable: 5
  - Skipped (llm_judge=False or problematic answers): 0

Total sub-questions: 7
  - Testable: 7
  - Skipped: 0

Total documents (across all questions): 60
================================================================================

====================================================================================================
分析样例 4, 子问题 1
====================================================================================================
问题: When was King Henry III of England crowned?
标准答案: Henry III was first crowned in 1216 at Gloucester Cathedral and had a second coronation on 17 May 1220 at Westminster Abbey.
====================================================================================================

长度统计:
  System: 792 tokens
  Document: 2075 tokens
  Query: 24 tokens
  Total: 2891 tokens

计算 Oracle attention 分布...

============================================================
Computing Draft Model Attention (Memory Optimized)
============================================================
  Layers: 28, Heads: 28
  Seq len: 2891, Query len: 24 (from pos 2867)
  Memory: ~7.4 MB per layer (vs 892.7 MB full)
  Layer 0 done
  Layer 8 done
  Layer 16 done
  Layer 24 done
  Layer 27 done
Draft model attention computed
选择的层: [16, 15, 18, 17]

Attention 分布统计:
  Mean: 0.000105
  Std: 0.000316
  Max: 0.007492
  Min: 0.000001

Top-k Concentration:
  Top-1: 0.75%
  Top-3: 1.47%
  Top-5: 2.11%
  Top-10: 3.35%
  80% coverage: 1928 tokens (100.05%)
  85% coverage: 1928 tokens (100.05%)
  90% coverage: 1928 tokens (100.05%)
  95% coverage: 1928 tokens (100.05%)

Connected Components:
  Number: 93
  Largest: 10 tokens
  High attention positions: 190

Gini Coefficient: 0.7736

====================================================================================================
测试不同重算比例
====================================================================================================


--- 测试比例: 0% ---
  选中 0 tokens (0.00%)

--- 测试比例: 5% ---
  选中 96 tokens (4.98%)
  Attention 覆盖: 36.07%

--- 测试比例: 10% ---
  选中 192 tokens (9.96%)
  Attention 覆盖: 55.07%

--- 测试比例: 15% ---
  选中 289 tokens (15.00%)
  Attention 覆盖: 68.53%

--- 测试比例: 20% ---
  选中 385 tokens (19.98%)
  Attention 覆盖: 77.14%

--- 测试比例: 25% ---
  选中 481 tokens (24.96%)
  Attention 覆盖: 83.85%

--- 测试比例: 30% ---
  选中 578 tokens (29.99%)
  Attention 覆盖: 88.45%

--- 测试比例: 35% ---
  选中 674 tokens (34.98%)
  Attention 覆盖: 91.41%

可视化已保存到: ./critical_ratio_analysis_ex4_sub1.png

====================================================================================================
分析总结
====================================================================================================

基于以上分析，建议的动态比例策略:
  - 分布较均匀 → 建议 20-30%

注意: 最终需要实际测试生成质量来验证！
