Qwen2ForCausalLM has generative capabilities, as `prepare_inputs_for_generation` is explicitly defined. However, it doesn't directly inherit from `GenerationMixin`. From 👉v4.50👈 onwards, `PreTrainedModel` will NOT inherit from `GenerationMixin`, and this model will lose the ability to call `generate` and other related functions.
  - If you're using `trust_remote_code=True`, you can get rid of this warning by loading the model with an auto class. See https://huggingface.co/docs/transformers/en/model_doc/auto#auto-classes
  - If you are the owner of the model architecture code, please modify your model class such that it inherits from `GenerationMixin` (after `PreTrainedModel`, otherwise you'll get an exception).
  - If you are not the owner of the model architecture class, please contact the model code owner to update it.
====================================================================================================
临界重算比例分析工具
====================================================================================================
样例: 4, 子问题: 0
设备: cuda:0
====================================================================================================

加载模型...
Loading checkpoint shards:   0%|          | 0/4 [00:00<?, ?it/s]Loading checkpoint shards:  25%|██▌       | 1/4 [00:00<00:02,  1.43it/s]Loading checkpoint shards:  50%|█████     | 2/4 [00:01<00:01,  1.49it/s]Loading checkpoint shards:  75%|███████▌  | 3/4 [00:02<00:00,  1.45it/s]Loading checkpoint shards: 100%|██████████| 4/4 [00:02<00:00,  1.53it/s]Loading checkpoint shards: 100%|██████████| 4/4 [00:02<00:00,  1.51it/s]
Qwen2ForCausalLM has generative capabilities, as `prepare_inputs_for_generation` is explicitly defined. However, it doesn't directly inherit from `GenerationMixin`. From 👉v4.50👈 onwards, `PreTrainedModel` will NOT inherit from `GenerationMixin`, and this model will lose the ability to call `generate` and other related functions.
  - If you're using `trust_remote_code=True`, you can get rid of this warning by loading the model with an auto class. See https://huggingface.co/docs/transformers/en/model_doc/auto#auto-classes
  - If you are the owner of the model architecture code, please modify your model class such that it inherits from `GenerationMixin` (after `PreTrainedModel`, otherwise you'll get an exception).
  - If you are not the owner of the model architecture class, please contact the model code owner to update it.
Qwen2ForCausalLM has generative capabilities, as `prepare_inputs_for_generation` is explicitly defined. However, it doesn't directly inherit from `GenerationMixin`. From 👉v4.50👈 onwards, `PreTrainedModel` will NOT inherit from `GenerationMixin`, and this model will lose the ability to call `generate` and other related functions.
  - If you're using `trust_remote_code=True`, you can get rid of this warning by loading the model with an auto class. See https://huggingface.co/docs/transformers/en/model_doc/auto#auto-classes
  - If you are the owner of the model architecture code, please modify your model class such that it inherits from `GenerationMixin` (after `PreTrainedModel`, otherwise you'll get an exception).
  - If you are not the owner of the model architecture class, please contact the model code owner to update it.

Model loaded with device_map across GPUs:
  : 0
加载数据...
Loading dataset from ./result_reflect.json...
Limited to first 5 main questions

================================================================================
Building document corpus with scope: global
================================================================================
  Main question 1: 10 unique documents, 1 sub-questions
  Main question 2: 10 unique documents, 1 sub-questions
  Main question 3: 10 unique documents, 1 sub-questions
  Main question 4: 11 unique documents, 2 sub-questions
  Main question 5: 19 unique documents, 2 sub-questions

================================================================================
DATASET STATISTICS
================================================================================
Total main questions: 5
  - Testable: 5
  - Skipped (llm_judge=False or problematic answers): 0

Total sub-questions: 7
  - Testable: 7
  - Skipped: 0

Total documents (across all questions): 60
================================================================================

====================================================================================================
分析样例 4, 子问题 0
====================================================================================================
问题: Who were the siblings of Alice de Lusignan, Countess of Surrey?
标准答案: Alice de Lusignan had a uterine half-brother, King Henry III of England.
====================================================================================================

长度统计:
  System: 792 tokens
  Document: 1178 tokens
  Query: 32 tokens
  Total: 2002 tokens

计算 Oracle attention 分布...

============================================================
Computing Draft Model Attention (Memory Optimized)
============================================================
  Layers: 28, Heads: 28
  Seq len: 2002, Query len: 32 (from pos 1970)
  Memory: ~6.8 MB per layer (vs 428.1 MB full)
  Layer 0 done
  Layer 8 done
  Layer 16 done
  Layer 24 done
  Layer 27 done
Draft model attention computed
选择的层: [16, 17, 18, 19]

Attention 分布统计:
  Mean: 0.000152
  Std: 0.000387
  Max: 0.003785
  Min: 0.000001

Top-k Concentration:
  Top-1: 0.38%
  Top-3: 1.06%
  Top-5: 1.72%
  Top-10: 2.96%
  80% coverage: 1083 tokens (100.09%)
  85% coverage: 1083 tokens (100.09%)
  90% coverage: 1083 tokens (100.09%)
  95% coverage: 1083 tokens (100.09%)

Connected Components:
  Number: 65
  Largest: 7 tokens
  High attention positions: 98

Gini Coefficient: 0.7540

====================================================================================================
测试不同重算比例
====================================================================================================


--- 测试比例: 0% ---
  选中 0 tokens (0.00%)

--- 测试比例: 5% ---
  选中 54 tokens (4.99%)
  Attention 覆盖: 31.61%

--- 测试比例: 10% ---
  选中 108 tokens (9.98%)
  Attention 覆盖: 53.25%

--- 测试比例: 15% ---
  选中 162 tokens (14.97%)
  Attention 覆盖: 64.29%

--- 测试比例: 20% ---
  选中 216 tokens (19.96%)
  Attention 覆盖: 70.77%

--- 测试比例: 25% ---
  选中 270 tokens (24.95%)
  Attention 覆盖: 77.25%

--- 测试比例: 30% ---
  选中 324 tokens (29.94%)
  Attention 覆盖: 83.13%

--- 测试比例: 35% ---
  选中 378 tokens (34.94%)
  Attention 覆盖: 87.20%

可视化已保存到: ./critical_ratio_analysis_ex4_sub0.png

====================================================================================================
分析总结
====================================================================================================

基于以上分析，建议的动态比例策略:
  - 分布较均匀 → 建议 20-30%

注意: 最终需要实际测试生成质量来验证！
