huggingface/tokenizers: The current process just got forked, after parallelism has already been used. Disabling parallelism to avoid deadlocks...
To disable this warning, you can either:
	- Avoid using `tokenizers` before the fork if possible
	- Explicitly set the environment variable TOKENIZERS_PARALLELISM=(true | false)
huggingface/tokenizers: The current process just got forked, after parallelism has already been used. Disabling parallelism to avoid deadlocks...
To disable this warning, you can either:
	- Avoid using `tokenizers` before the fork if possible
	- Explicitly set the environment variable TOKENIZERS_PARALLELISM=(true | false)

====================================================================================================
Per-Head Token Selection Analysis
====================================================================================================

Loading data...
Loading dataset from ./result_reflect.json...
Limited to first 5 main questions

================================================================================
Building document corpus with scope: global
================================================================================
  Main question 1: 10 unique documents, 1 sub-questions
  Main question 2: 10 unique documents, 1 sub-questions
  Main question 3: 10 unique documents, 1 sub-questions
  Main question 4: 11 unique documents, 2 sub-questions
  Main question 5: 19 unique documents, 2 sub-questions

================================================================================
DATASET STATISTICS
================================================================================
Total main questions: 5
  - Testable: 5
  - Skipped (llm_judge=False or problematic answers): 0

Total sub-questions: 7
  - Testable: 7
  - Skipped: 0

Total documents (across all questions): 60
================================================================================

================================================================================
Computing document similarity with BGE + FAISS (scope: global)...
================================================================================
Loading BGE model from /mnt/data/models/bge-m3-FP16...
Encoding 60 documents for FAISS index...
initial target device:   0%|          | 0/8 [00:00<?, ?it/s]initial target device:  12%|█▎        | 1/8 [00:04<00:28,  4.11s/it]initial target device:  25%|██▌       | 2/8 [00:08<00:24,  4.03s/it]initial target device:  38%|███▊      | 3/8 [00:12<00:20,  4.08s/it]initial target device:  50%|█████     | 4/8 [00:16<00:16,  4.18s/it]initial target device:  62%|██████▎   | 5/8 [00:20<00:12,  4.12s/it]initial target device:  75%|███████▌  | 6/8 [00:24<00:08,  4.10s/it]initial target device:  88%|████████▊ | 7/8 [00:28<00:04,  4.08s/it]initial target device: 100%|██████████| 8/8 [00:32<00:00,  4.07s/it]initial target device: 100%|██████████| 8/8 [00:32<00:00,  4.09s/it]
Chunks:   0%|          | 0/8 [00:00<?, ?it/s]You're using a XLMRobertaTokenizerFast tokenizer. Please note that with a fast tokenizer, using the `__call__` method is faster than using a method to encode the text followed by a call to the `pad` method to get a padded encoding.
Chunks:  12%|█▎        | 1/8 [00:02<00:17,  2.50s/it]You're using a XLMRobertaTokenizerFast tokenizer. Please note that with a fast tokenizer, using the `__call__` method is faster than using a method to encode the text followed by a call to the `pad` method to get a padded encoding.
You're using a XLMRobertaTokenizerFast tokenizer. Please note that with a fast tokenizer, using the `__call__` method is faster than using a method to encode the text followed by a call to the `pad` method to get a padded encoding.
You're using a XLMRobertaTokenizerFast tokenizer. Please note that with a fast tokenizer, using the `__call__` method is faster than using a method to encode the text followed by a call to the `pad` method to get a padded encoding.
You're using a XLMRobertaTokenizerFast tokenizer. Please note that with a fast tokenizer, using the `__call__` method is faster than using a method to encode the text followed by a call to the `pad` method to get a padded encoding.
You're using a XLMRobertaTokenizerFast tokenizer. Please note that with a fast tokenizer, using the `__call__` method is faster than using a method to encode the text followed by a call to the `pad` method to get a padded encoding.
You're using a XLMRobertaTokenizerFast tokenizer. Please note that with a fast tokenizer, using the `__call__` method is faster than using a method to encode the text followed by a call to the `pad` method to get a padded encoding.
You're using a XLMRobertaTokenizerFast tokenizer. Please note that with a fast tokenizer, using the `__call__` method is faster than using a method to encode the text followed by a call to the `pad` method to get a padded encoding.
Chunks:  25%|██▌       | 2/8 [00:06<00:20,  3.34s/it]Chunks:  50%|█████     | 4/8 [00:06<00:05,  1.29s/it]Chunks:  75%|███████▌  | 6/8 [00:06<00:01,  1.41it/s]Chunks: 100%|██████████| 8/8 [00:06<00:00,  1.19it/s]
Corpus embeddings shape: (60, 1024)
FAISS index built with 60 vectors
Searching for top-10 similar documents for each document...
Chunks:   0%|          | 0/8 [00:00<?, ?it/s]Chunks: 100%|██████████| 8/8 [00:00<00:00, 130.14it/s]
Context rank computed: (60, 10)
Question: When was King Henry III of England crowned?
Ground Truth: Henry III was first crowned in 1216 at Gloucester Cathedral and had a second coronation on 17 May 1220 at Westminster Abbey.

Total recomputable tokens: 1788
Chunk boundaries:
  Chunk 13: pos 0-149 (len=149)
    Preview: Document: Westminster Abbey: King Edward's Chair (or St Edward's Chair), the throne on which English...
  Chunk 5: pos 149-414 (len=265)
    Preview: Document: John, King of England: John's first wife, Isabel, Countess of Gloucester, was released fro...
  Chunk 14: pos 414-642 (len=228)
    Preview: Document: England in the Middle Ages: Richard spent his reign focused on protecting his possessions ...
  Chunk 15: pos 642-838 (len=196)
    Preview: Document: John, King of England: Henry the Young King fought a short war with his brother Richard in...
  Chunk 16: pos 838-910 (len=72)
    Preview: Document: Robert Curthose: When William II died on 2 August 1100, Robert was on his return journey f...
  Chunk 17: pos 910-998 (len=88)
    Preview: Document: Westminster Abbey: Until the 19th century, Westminster was the third seat of learning in E...
  Chunk 18: pos 998-1084 (len=86)
    Preview: Document: Katherine of England (Old English: "Katerine"; 25 November 12533 May 1257) was the fifth c...
  Chunk 19: pos 1084-1405 (len=321)
    Preview: Document: John, King of England: When John's elder brother Richard became king in September 1189, he...
  Chunk 1: pos 1405-1501 (len=96)
    Preview: Document: Alice de Lusignan, Countess of Surrey (1224 – 9 February 1256) was a uterine half-sister o...
  Chunk 11: pos 1501-1649 (len=148)
    Preview: Document: Coronation of the British monarch: The Anglo-Saxon monarchs used various locations for the...
  Chunk 12: pos 1649-1788 (len=139)
    Preview: Document: Westminster Abbey: Since the coronations in 1066 of both King Harold and William the Conqu...

====================================================================================================
Re-computing head selections to get attention scores...
====================================================================================================

Computing selections with scores...
  Layer  0 done
  Layer  5 done
  Layer 10 done
  Layer 15 done
  Layer 20 done
  Layer 25 done
  Layer 27 done

====================================================================================================
Analyzing selected tokens per head
====================================================================================================


####################################################################################################
LAYER 0 Analysis
####################################################################################################

================================================================================
Layer 0, Head 0
================================================================================

Token Type Distribution:
  Numbers: 32 (6.0%)
  Dates: 0 (0.0%)
  Entities (capitalized): 90 (16.8%)
  Punctuation: 49 (9.1%)
  Common words: 357 (66.6%)

Tokens containing '1216' or '1220':
  ⚠️ No date-related tokens found!

Top 10 highest attention tokens:
   1. Position  899: 'was                 ' (score=0.021240)
   2. Position  742: 'Geoffrey            ' (score=0.021240)
   3. Position 1440: 'ister               ' (score=0.021240)
   4. Position  757: 'aine                ' (score=0.021240)
   5. Position  565: 'power               ' (score=0.021240)
   6. Position  566: 'was                 ' (score=0.021240)
   7. Position  679: 'aine                ' (score=0.021240)
   8. Position  734: 'power               ' (score=0.021240)
   9. Position  869: 'was                 ' (score=0.021240)
  10. Position  544: 'War                 ' (score=0.021240)

Attention Score Distribution:
  Min: 0.000000, Max: 0.021240
  Mean: 0.001862, Median: 0.000000
  Std: 0.006008
  Q25-Q75: 0.000000 - 0.000000

Top Entities (capitalized words):
  'John': 9
  'England': 7
  'Henry': 7
  'Richard': 6
  'King': 5
  'Aqu': 4
  'Document': 3
  'II': 3
  'Edward': 2
  'Ang': 2

All Number Tokens:
  '1': 12
  '2': 5
  '6': 3
  '9': 2
  '5': 2
  '4': 2
  '8': 2
  '0': 2
  '7': 1
  '3': 1
================================================================================
Layer 0, Head 1
================================================================================

Token Type Distribution:
  Numbers: 57 (10.6%)
  Dates: 0 (0.0%)
  Entities (capitalized): 88 (16.4%)
  Punctuation: 55 (10.3%)
  Common words: 321 (59.9%)

Tokens containing '1216' or '1220':
  ⚠️ No date-related tokens found!

Top 10 highest attention tokens:
   1. Position    0: 'Document            ' (score=0.000572)
   2. Position 1787: ']                   ' (score=0.000572)
   3. Position 1786: 'needed              ' (score=0.000572)
   4. Position 1784: '.[                  ' (score=0.000572)
   5. Position 1783: 'ceremony            ' (score=0.000572)
   6. Position 1782: 'ation               ' (score=0.000572)
   7. Position 1781: 'coron               ' (score=0.000572)
   8. Position 1780: 'the                 ' (score=0.000572)
   9. Position 1779: 'in                  ' (score=0.000572)
  10. Position 1778: 'cleric              ' (score=0.000572)

Attention Score Distribution:
  Min: 0.000572, Max: 0.000572
  Mean: 0.000572, Median: 0.000572
  Std: 0.000000
  Q25-Q75: 0.000572 - 0.000572

Top Entities (capitalized words):
  'England': 6
  'Document': 4
  'Westminster': 4
  'Richard': 4
  'John': 4
  'Henry': 4
  'London': 4
  'Abbey': 3
  'William': 3
  'III': 3

All Number Tokens:
  '1': 18
  '2': 11
  '6': 8
  '0': 6
  '9': 4
  '4': 4
  '3': 3
  '8': 1
  '5': 1
  '7': 1
================================================================================
Layer 0, Head 2
================================================================================

Token Type Distribution:
  Numbers: 33 (6.2%)
  Dates: 0 (0.0%)
  Entities (capitalized): 92 (17.2%)
  Punctuation: 76 (14.2%)
  Common words: 326 (60.8%)

Tokens containing '1216' or '1220':
  ⚠️ No date-related tokens found!

Top 10 highest attention tokens:
   1. Position  616: ',                   ' (score=0.020020)
   2. Position  508: ',                   ' (score=0.020020)
   3. Position 1532: ',                   ' (score=0.020020)
   4. Position  494: ',                   ' (score=0.020020)
   5. Position  635: ',                   ' (score=0.020020)
   6. Position  518: ',                   ' (score=0.020020)
   7. Position  729: ',                   ' (score=0.020020)
   8. Position 1545: ',                   ' (score=0.020020)
   9. Position  645: ',                   ' (score=0.020020)
  10. Position  443: ',                   ' (score=0.020020)

Attention Score Distribution:
  Min: 0.000000, Max: 0.020020
  Mean: 0.001867, Median: 0.000000
  Std: 0.005822
  Q25-Q75: 0.000000 - 0.000000

Top Entities (capitalized words):
  'John': 8
  'England': 8
  'Henry': 7
  'Richard': 6
  'King': 5
  'Aqu': 4
  'Document': 3
  'II': 3
  'Brittany': 3
  'Edward': 2

All Number Tokens:
  '1': 13
  '2': 5
  '6': 3
  '9': 2
  '5': 2
  '4': 2
  '8': 2
  '0': 2
  '7': 1
  '3': 1
================================================================================
Layer 0, Head 3
================================================================================

Token Type Distribution:
  Numbers: 0 (0.0%)
  Dates: 0 (0.0%)
  Entities (capitalized): 5 (0.9%)
  Punctuation: 170 (31.7%)
  Common words: 324 (60.4%)

Tokens containing '1216' or '1220':
  ⚠️ No date-related tokens found!

Top 10 highest attention tokens:
   1. Position  196: ''s                  ' (score=0.026855)
   2. Position 1653: ':                   ' (score=0.026855)
   3. Position 1452: 'de                  ' (score=0.026855)
   4. Position  421: ':                   ' (score=0.026855)
   5. Position    1: ':                   ' (score=0.026855)
   6. Position 1406: ':                   ' (score=0.026855)
   7. Position 1408: 'de                  ' (score=0.026855)
   8. Position  649: ':                   ' (score=0.026855)
   9. Position 1085: ':                   ' (score=0.026855)
  10. Position  999: ':                   ' (score=0.026855)

Attention Score Distribution:
  Min: 0.000000, Max: 0.026855
  Mean: 0.001862, Median: 0.000009
  Std: 0.006806
  Q25-Q75: 0.000009 - 0.000009

Top Entities (capitalized words):
  'The': 4
  'Of': 1

All Number Tokens:

================================================================================
Layer 0 Cross-Head Comparison
================================================================================

Date tokens ('1216'/'1220') per head:
  Head 0: 0 date-related tokens
  Head 1: 0 date-related tokens
  Head 2: 0 date-related tokens
  Head 3: 0 date-related tokens

Entity focus per head:
  Head 0: 16.8% entities
  Head 1: 16.4% entities
  Head 2: 17.2% entities
  Head 3: 0.9% entities

####################################################################################################
LAYER 5 Analysis
####################################################################################################

================================================================================
Layer 5, Head 0
================================================================================

Token Type Distribution:
  Numbers: 38 (7.1%)
  Dates: 0 (0.0%)
  Entities (capitalized): 111 (20.7%)
  Punctuation: 7 (1.3%)
  Common words: 359 (67.0%)

Tokens containing '1216' or '1220':
  ⚠️ No date-related tokens found!

Top 10 highest attention tokens:
   1. Position 1738: 'coron               ' (score=0.120117)
   2. Position 1598: 'coron               ' (score=0.050049)
   3. Position 1752: 'coron               ' (score=0.034424)
   4. Position 1565: 'coron               ' (score=0.030396)
   5. Position 1521: 'coron               ' (score=0.030396)
   6. Position 1675: 'coron               ' (score=0.026855)
   7. Position 1619: 'coron               ' (score=0.026855)
   8. Position 1781: 'coron               ' (score=0.020874)
   9. Position  142: 'coron               ' (score=0.018433)
  10. Position  122: 'coron               ' (score=0.012695)

Attention Score Distribution:
  Min: 0.000263, Max: 0.120117
  Mean: 0.001681, Median: 0.000629
  Std: 0.006445
  Q25-Q75: 0.000383 - 0.001038

Top Entities (capitalized words):
  'John': 12
  'Richard': 11
  'King': 9
  'III': 6
  'Henry': 6
  'II': 4
  'England': 3
  'William': 3
  'France': 3
  'English': 3

All Number Tokens:
  '2': 13
  '1': 6
  '0': 5
  '4': 4
  '3': 3
  '7': 3
  '6': 3
  '5': 1
================================================================================
Layer 5, Head 1
================================================================================

Token Type Distribution:
  Numbers: 27 (5.0%)
  Dates: 0 (0.0%)
  Entities (capitalized): 150 (28.0%)
  Punctuation: 5 (0.9%)
  Common words: 344 (64.2%)

Tokens containing '1216' or '1220':
  ⚠️ No date-related tokens found!

Top 10 highest attention tokens:
   1. Position 1752: 'coron               ' (score=0.030518)
   2. Position 1598: 'coron               ' (score=0.030518)
   3. Position 1565: 'coron               ' (score=0.026978)
   4. Position 1781: 'coron               ' (score=0.020996)
   5. Position 1738: 'coron               ' (score=0.020996)
   6. Position  142: 'coron               ' (score=0.018555)
   7. Position  964: 'New                 ' (score=0.016357)
   8. Position 1619: 'coron               ' (score=0.012695)
   9. Position  134: 'St                  ' (score=0.011230)
  10. Position  122: 'coron               ' (score=0.011230)

Attention Score Distribution:
  Min: 0.000435, Max: 0.030518
  Mean: 0.001538, Median: 0.000813
  Std: 0.002915
  Q25-Q75: 0.000557 - 0.001343

Top Entities (capitalized words):
  'John': 15
  'Richard': 12
  'Henry': 7
  'William': 6
  'King': 5
  'England': 4
  'France': 4
  'Aqu': 4
  'London': 4
  'Is': 3

All Number Tokens:
  '2': 7
  '1': 6
  '9': 3
  '0': 3
  '3': 2
  '5': 2
  '4': 2
  '6': 1
  '7': 1
================================================================================
Layer 5, Head 2
================================================================================

Token Type Distribution:
  Numbers: 47 (8.8%)
  Dates: 0 (0.0%)
  Entities (capitalized): 94 (17.5%)
  Punctuation: 77 (14.4%)
  Common words: 298 (55.6%)

Tokens containing '1216' or '1220':
  ⚠️ No date-related tokens found!

Top 10 highest attention tokens:
   1. Position  143: 'ation               ' (score=0.031128)
   2. Position  770: 'aine                ' (score=0.031128)
   3. Position 1781: 'coron               ' (score=0.018921)
   4. Position 1620: 'ations              ' (score=0.018921)
   5. Position 1782: 'ation               ' (score=0.014709)
   6. Position 1566: 'ations              ' (score=0.012939)
   7. Position 1603: '                    ' (score=0.010071)
   8. Position 1585: '                    ' (score=0.010071)
   9. Position  142: 'coron               ' (score=0.008911)
  10. Position  769: 'it                  ' (score=0.008911)

Attention Score Distribution:
  Min: 0.000391, Max: 0.031128
  Mean: 0.001490, Median: 0.000828
  Std: 0.002595
  Q25-Q75: 0.000504 - 0.001366

Top Entities (capitalized words):
  'Richard': 6
  'France': 4
  'Chair': 3
  'John': 3
  'King': 3
  'England': 3
  'Glouce': 3
  'Is': 2
  'Ang': 2
  'Holy': 2

All Number Tokens:
  '1': 14
  '2': 12
  '9': 6
  '0': 4
  '3': 3
  '5': 2
  '6': 2
  '7': 2
  '4': 2
================================================================================
Layer 5, Head 3
================================================================================

Token Type Distribution:
  Numbers: 35 (6.5%)
  Dates: 0 (0.0%)
  Entities (capitalized): 82 (15.3%)
  Punctuation: 35 (6.5%)
  Common words: 362 (67.5%)

Tokens containing '1216' or '1220':
  ⚠️ No date-related tokens found!

Top 10 highest attention tokens:
   1. Position 1552: '                    ' (score=0.004517)
   2. Position 1585: '                    ' (score=0.003967)
   3. Position  694: 'died                ' (score=0.003510)
   4. Position 1699: 'was                 ' (score=0.003098)
   5. Position  899: 'was                 ' (score=0.003098)
   6. Position 1547: 'crowned             ' (score=0.003098)
   7. Position 1720: 'taken               ' (score=0.003098)
   8. Position 1546: 'was                 ' (score=0.002914)
   9. Position 1580: 'crowned             ' (score=0.002731)
  10. Position 1584: 'in                  ' (score=0.002731)

Attention Score Distribution:
  Min: 0.000648, Max: 0.004517
  Mean: 0.001103, Median: 0.000946
  Std: 0.000484
  Q25-Q75: 0.000786 - 0.001289

Top Entities (capitalized words):
  'Richard': 9
  'England': 7
  'Henry': 7
  'III': 6
  'John': 5
  'France': 4
  'II': 3
  'Count': 2
  'William': 2
  'Third': 2

All Number Tokens:
  '2': 7
  '0': 5
  '1': 5
  '9': 4
  '3': 3
  '6': 3
  '4': 3
  '7': 3
  '8': 1
  '5': 1

================================================================================
Layer 5 Cross-Head Comparison
================================================================================

Date tokens ('1216'/'1220') per head:
  Head 0: 0 date-related tokens
  Head 1: 0 date-related tokens
  Head 2: 0 date-related tokens
  Head 3: 0 date-related tokens

Entity focus per head:
  Head 0: 20.7% entities
  Head 1: 28.0% entities
  Head 2: 17.5% entities
  Head 3: 15.3% entities

####################################################################################################
LAYER 14 Analysis
####################################################################################################

================================================================================
Layer 14, Head 0
================================================================================

Token Type Distribution:
  Numbers: 51 (9.5%)
  Dates: 0 (0.0%)
  Entities (capitalized): 65 (12.1%)
  Punctuation: 84 (15.7%)
  Common words: 322 (60.1%)

Tokens containing '1216' or '1220':
  ⚠️ No date-related tokens found!

Top 10 highest attention tokens:
   1. Position 1642: 'in                  ' (score=0.068848)
   2. Position 1589: '6                   ' (score=0.025391)
   3. Position  722: 'was                 ' (score=0.025391)
   4. Position 1696: ',                   ' (score=0.019775)
   5. Position 1628: 'in                  ' (score=0.017456)
   6. Position 1584: 'in                  ' (score=0.017456)
   7. Position 1769: '0                   ' (score=0.017456)
   8. Position 1632: '2                   ' (score=0.015381)
   9. Position 1647: '1                   ' (score=0.015381)
  10. Position 1723: 'the                 ' (score=0.015381)

Attention Score Distribution:
  Min: 0.000282, Max: 0.068848
  Mean: 0.001689, Median: 0.000675
  Std: 0.004043
  Q25-Q75: 0.000410 - 0.001427

Top Entities (capitalized words):
  'Richard': 5
  'Henry': 5
  'Aqu': 4
  'John': 3
  'II': 3
  'England': 3
  'The': 3
  'Holy': 2
  'May': 2
  'III': 2

All Number Tokens:
  '6': 8
  '2': 8
  '0': 7
  '1': 6
  '9': 6
  '4': 6
  '5': 3
  '7': 3
  '3': 2
  '8': 2
================================================================================
Layer 14, Head 1
================================================================================

Token Type Distribution:
  Numbers: 30 (5.6%)
  Dates: 0 (0.0%)
  Entities (capitalized): 132 (24.6%)
  Punctuation: 66 (12.3%)
  Common words: 296 (55.2%)

Tokens containing '1216' or '1220':
  ⚠️ No date-related tokens found!

Top 10 highest attention tokens:
   1. Position 1102: '                    ' (score=0.011780)
   2. Position  908: 'himself             ' (score=0.011780)
   3. Position  904: 'crown               ' (score=0.010376)
   4. Position 1673: 'or                  ' (score=0.008118)
   5. Position 1712: 'throne              ' (score=0.007141)
   6. Position 1442: 'King                ' (score=0.007141)
   7. Position 1108: 'he                  ' (score=0.007141)
   8. Position  454: 'but                 ' (score=0.007141)
   9. Position  887: '.                   ' (score=0.007141)
  10. Position  449: '                    ' (score=0.007141)

Attention Score Distribution:
  Min: 0.000456, Max: 0.011780
  Mean: 0.001556, Median: 0.000965
  Std: 0.001506
  Q25-Q75: 0.000664 - 0.001808

Top Entities (capitalized words):
  'Richard': 15
  'John': 14
  'Henry': 14
  'England': 13
  'King': 11
  'III': 6
  'II': 6
  'France': 4
  'Edward': 2
  'English': 2

All Number Tokens:
  '1': 8
  '2': 5
  '9': 4
  '6': 4
  '0': 2
  '5': 2
  '4': 2
  '8': 1
  '7': 1
  '3': 1
================================================================================
Layer 14, Head 2
================================================================================

Token Type Distribution:
  Numbers: 51 (9.5%)
  Dates: 0 (0.0%)
  Entities (capitalized): 111 (20.7%)
  Punctuation: 63 (11.8%)
  Common words: 299 (55.8%)

Tokens containing '1216' or '1220':
  ⚠️ No date-related tokens found!

Top 10 highest attention tokens:
   1. Position 1719: 'had                 ' (score=0.073730)
   2. Position 1718: 'Louis               ' (score=0.057373)
   3. Position  892: 'Robert              ' (score=0.034668)
   4. Position 1725: ',                   ' (score=0.030640)
   5. Position 1720: 'taken               ' (score=0.030640)
   6. Position 1698: 'III                 ' (score=0.021118)
   7. Position  867: 'ade                 ' (score=0.021118)
   8. Position 1726: 'and                 ' (score=0.018555)
   9. Position  206: ',                   ' (score=0.018555)
  10. Position 1722: 'of                  ' (score=0.014465)

Attention Score Distribution:
  Min: 0.000161, Max: 0.073730
  Mean: 0.001785, Median: 0.000496
  Std: 0.005222
  Q25-Q75: 0.000265 - 0.001350

Top Entities (capitalized words):
  'Richard': 13
  'John': 12
  'Henry': 11
  'II': 5
  'III': 5
  'France': 4
  'Glouce': 3
  'Brittany': 3
  'Ang': 2
  'French': 2

All Number Tokens:
  '6': 9
  '2': 9
  '0': 7
  '1': 7
  '8': 4
  '9': 4
  '4': 4
  '3': 3
  '7': 2
  '5': 2
================================================================================
Layer 14, Head 3
================================================================================

Token Type Distribution:
  Numbers: 17 (3.2%)
  Dates: 0 (0.0%)
  Entities (capitalized): 69 (12.9%)
  Punctuation: 30 (5.6%)
  Common words: 409 (76.3%)

Tokens containing '1216' or '1220':
  ⚠️ No date-related tokens found!

Top 10 highest attention tokens:
   1. Position  901: 'to                  ' (score=0.135742)
   2. Position  903: 'the                 ' (score=0.135742)
   3. Position 1108: 'he                  ' (score=0.082031)
   4. Position  899: 'was                 ' (score=0.082031)
   5. Position  722: 'was                 ' (score=0.082031)
   6. Position  896: 'his                 ' (score=0.049805)
   7. Position  712: 'Henry               ' (score=0.030151)
   8. Position  765: 'to                  ' (score=0.030151)
   9. Position  869: 'was                 ' (score=0.030151)
  10. Position  859: 'was                 ' (score=0.014282)

Attention Score Distribution:
  Min: 0.000019, Max: 0.135742
  Mean: 0.001860, Median: 0.000140
  Std: 0.010750
  Q25-Q75: 0.000058 - 0.000488

Top Entities (capitalized words):
  'Richard': 12
  'John': 11
  'Henry': 11
  'England': 8
  'King': 2
  'William': 2
  'Robert': 2
  'She': 2
  'Stone': 1
  'His': 1

All Number Tokens:
  '2': 5
  '1': 3
  '6': 3
  '0': 2
  '4': 2
  '8': 1
  '9': 1

================================================================================
Layer 14 Cross-Head Comparison
================================================================================

Date tokens ('1216'/'1220') per head:
  Head 0: 0 date-related tokens
  Head 1: 0 date-related tokens
  Head 2: 0 date-related tokens
  Head 3: 0 date-related tokens

Entity focus per head:
  Head 0: 12.1% entities
  Head 1: 24.6% entities
  Head 2: 20.7% entities
  Head 3: 12.9% entities

####################################################################################################
LAYER 20 Analysis
####################################################################################################

================================================================================
Layer 20, Head 0
================================================================================

Token Type Distribution:
  Numbers: 46 (8.6%)
  Dates: 0 (0.0%)
  Entities (capitalized): 92 (17.2%)
  Punctuation: 62 (11.6%)
  Common words: 316 (59.0%)

Tokens containing '1216' or '1220':
  ⚠️ No date-related tokens found!

Top 10 highest attention tokens:
   1. Position 1552: '                    ' (score=0.017090)
   2. Position 1542: ',                   ' (score=0.015076)
   3. Position 1540: 'axon                ' (score=0.013306)
   4. Position 1460: 'Earl                ' (score=0.011719)
   5. Position 1765: '                    ' (score=0.010376)
   6. Position  749: 'would               ' (score=0.010376)
   7. Position 1489: 'Earl                ' (score=0.009155)
   8. Position  899: 'was                 ' (score=0.009155)
   9. Position  537: 'outbreak            ' (score=0.009155)
  10. Position 1767: '2                   ' (score=0.009155)

Attention Score Distribution:
  Min: 0.000401, Max: 0.017090
  Mean: 0.001573, Median: 0.000961
  Std: 0.001910
  Q25-Q75: 0.000584 - 0.001587

Top Entities (capitalized words):
  'Henry': 11
  'England': 6
  'Richard': 5
  'III': 4
  'London': 4
  'Brittany': 3
  'Stone': 2
  'Isabel': 2
  'John': 2
  'Aqu': 2

All Number Tokens:
  '2': 11
  '1': 9
  '6': 7
  '9': 5
  '0': 4
  '4': 4
  '5': 2
  '7': 2
  '3': 1
  '8': 1
================================================================================
Layer 20, Head 1
================================================================================

Token Type Distribution:
  Numbers: 35 (6.5%)
  Dates: 0 (0.0%)
  Entities (capitalized): 58 (10.8%)
  Punctuation: 92 (17.2%)
  Common words: 331 (61.8%)

Tokens containing '1216' or '1220':
  ⚠️ No date-related tokens found!

Top 10 highest attention tokens:
   1. Position  214: 'after               ' (score=0.052734)
   2. Position  219: ';                   ' (score=0.024902)
   3. Position  984: 'during              ' (score=0.024902)
   4. Position  901: 'to                  ' (score=0.015076)
   5. Position  213: 'soon                ' (score=0.015076)
   6. Position 1643: '                    ' (score=0.010376)
   7. Position 1059: 'and                 ' (score=0.010376)
   8. Position  729: ',                   ' (score=0.009155)
   9. Position  797: '.                   ' (score=0.009155)
  10. Position  900: 'able                ' (score=0.009155)

Attention Score Distribution:
  Min: 0.000355, Max: 0.052734
  Mean: 0.001639, Median: 0.000751
  Std: 0.003208
  Q25-Q75: 0.000515 - 0.001587

Top Entities (capitalized words):
  'England': 7
  'The': 5
  'John': 4
  'Henry': 4
  'British': 2
  'France': 2
  'Richard': 2
  'Aqu': 2
  'Robert': 2
  'Westminster': 2

All Number Tokens:
  '6': 8
  '1': 6
  '4': 4
  '0': 4
  '2': 4
  '7': 3
  '9': 3
  '8': 1
  '5': 1
  '3': 1
================================================================================
Layer 20, Head 2
================================================================================

Token Type Distribution:
  Numbers: 15 (2.8%)
  Dates: 0 (0.0%)
  Entities (capitalized): 66 (12.3%)
  Punctuation: 86 (16.0%)
  Common words: 358 (66.8%)

Tokens containing '1216' or '1220':
  ⚠️ No date-related tokens found!

Top 10 highest attention tokens:
   1. Position  767: 'up                  ' (score=0.052490)
   2. Position 1262: 'as                  ' (score=0.041016)
   3. Position 1121: 'Richard             ' (score=0.028076)
   4. Position  899: 'was                 ' (score=0.028076)
   5. Position 1590: ';                   ' (score=0.024780)
   6. Position 1698: 'III                 ' (score=0.017090)
   7. Position 1699: 'was                 ' (score=0.015076)
   8. Position  751: 'become              ' (score=0.015076)
   9. Position  765: 'to                  ' (score=0.015076)
  10. Position  893: ''s                  ' (score=0.015076)

Attention Score Distribution:
  Min: 0.000131, Max: 0.052490
  Mean: 0.001805, Median: 0.000584
  Std: 0.004084
  Q25-Q75: 0.000277 - 0.001587

Top Entities (capitalized words):
  'Richard': 14
  'Henry': 9
  'John': 6
  'II': 3
  'King': 2
  'Brittany': 2
  'Robert': 2
  'She': 2
  'William': 2
  'III': 2

All Number Tokens:
  '2': 5
  '6': 4
  '1': 3
  '9': 2
  '0': 1
================================================================================
Layer 20, Head 3
================================================================================

Token Type Distribution:
  Numbers: 20 (3.7%)
  Dates: 0 (0.0%)
  Entities (capitalized): 62 (11.6%)
  Punctuation: 94 (17.5%)
  Common words: 348 (64.9%)

Tokens containing '1216' or '1220':
  ⚠️ No date-related tokens found!

Top 10 highest attention tokens:
   1. Position  729: ',                   ' (score=0.019775)
   2. Position 1713: ',                   ' (score=0.017456)
   3. Position 1590: ';                   ' (score=0.017456)
   4. Position  899: 'was                 ' (score=0.017456)
   5. Position 1698: 'III                 ' (score=0.015381)
   6. Position 1545: ',                   ' (score=0.015381)
   7. Position  908: 'himself             ' (score=0.011963)
   8. Position 1765: '                    ' (score=0.010559)
   9. Position 1699: 'was                 ' (score=0.010559)
  10. Position 1643: '                    ' (score=0.009338)

Attention Score Distribution:
  Min: 0.000265, Max: 0.019775
  Mean: 0.001727, Median: 0.000866
  Std: 0.002398
  Q25-Q75: 0.000463 - 0.002075

Top Entities (capitalized words):
  'Richard': 12
  'John': 9
  'Henry': 8
  'II': 3
  'King': 2
  'Geoffrey': 2
  'Robert': 2
  'She': 2
  'Earl': 2
  'III': 2

All Number Tokens:
  '1': 5
  '9': 4
  '6': 4
  '2': 4
  '0': 3

================================================================================
Layer 20 Cross-Head Comparison
================================================================================

Date tokens ('1216'/'1220') per head:
  Head 0: 0 date-related tokens
  Head 1: 0 date-related tokens
  Head 2: 0 date-related tokens
  Head 3: 0 date-related tokens

Entity focus per head:
  Head 0: 17.2% entities
  Head 1: 10.8% entities
  Head 2: 12.3% entities
  Head 3: 11.6% entities

####################################################################################################
LAYER 27 Analysis
####################################################################################################

================================================================================
Layer 27, Head 0
================================================================================

Token Type Distribution:
  Numbers: 14 (2.6%)
  Dates: 0 (0.0%)
  Entities (capitalized): 56 (10.4%)
  Punctuation: 101 (18.8%)
  Common words: 354 (66.0%)

Tokens containing '1216' or '1220':
  ⚠️ No date-related tokens found!

Top 10 highest attention tokens:
   1. Position 1375: 'et                  ' (score=0.079590)
   2. Position 1358: 'ille                ' (score=0.062012)
   3. Position 1753: 'ation               ' (score=0.042480)
   4. Position  770: 'aine                ' (score=0.017700)
   5. Position 1487: 'to                  ' (score=0.015625)
   6. Position 1357: 'ev                  ' (score=0.015625)
   7. Position  784: ',                   ' (score=0.013794)
   8. Position 1178: ',                   ' (score=0.013794)
   9. Position 1620: 'ations              ' (score=0.010742)
  10. Position 1599: 'ation               ' (score=0.010742)

Attention Score Distribution:
  Min: 0.000197, Max: 0.079590
  Mean: 0.001781, Median: 0.000687
  Std: 0.005081
  Q25-Q75: 0.000368 - 0.001648

Top Entities (capitalized words):
  'Richard': 11
  'John': 9
  'II': 4
  'Henry': 3
  'The': 3
  'War': 2
  'French': 2
  'Brittany': 2
  'Robert': 2
  'III': 2

All Number Tokens:
  '1': 3
  '9': 3
  '6': 3
  '0': 2
  '4': 1
  '5': 1
  '2': 1
================================================================================
Layer 27, Head 1
================================================================================

Token Type Distribution:
  Numbers: 33 (6.2%)
  Dates: 0 (0.0%)
  Entities (capitalized): 93 (17.4%)
  Punctuation: 52 (9.7%)
  Common words: 349 (65.1%)

Tokens containing '1216' or '1220':
  ⚠️ No date-related tokens found!

Top 10 highest attention tokens:
   1. Position 1126: 'huge                ' (score=0.111328)
   2. Position 1155: 'while               ' (score=0.111328)
   3. Position 1294: 'successful          ' (score=0.111328)
   4. Position 1295: 'crus                ' (score=0.111328)
   5. Position 1494: 'resentment          ' (score=0.111328)
   6. Position  136: ''s                  ' (score=0.111328)
   7. Position  502: 'many                ' (score=0.111328)
   8. Position  625: '1                   ' (score=0.111328)
   9. Position  833: '1                   ' (score=0.111328)
  10. Position  528: 'the                 ' (score=0.000000)

Attention Score Distribution:
  Min: 0.000000, Max: 0.111328
  Mean: 0.001869, Median: 0.000000
  Std: 0.014304
  Q25-Q75: 0.000000 - 0.000000

Top Entities (capitalized words):
  'John': 8
  'England': 8
  'Henry': 7
  'Richard': 6
  'King': 5
  'Aqu': 4
  'Document': 3
  'II': 3
  'Edward': 2
  'Ang': 2

All Number Tokens:
  '1': 13
  '2': 5
  '6': 3
  '9': 2
  '5': 2
  '4': 2
  '8': 2
  '0': 2
  '7': 1
  '3': 1
================================================================================
Layer 27, Head 2
================================================================================

Token Type Distribution:
  Numbers: 15 (2.8%)
  Dates: 0 (0.0%)
  Entities (capitalized): 74 (13.8%)
  Punctuation: 92 (17.2%)
  Common words: 344 (64.2%)

Tokens containing '1216' or '1220':
  ⚠️ No date-related tokens found!

Top 10 highest attention tokens:
   1. Position 1375: 'et                  ' (score=0.063965)
   2. Position  770: 'aine                ' (score=0.043945)
   3. Position 1358: 'ille                ' (score=0.034180)
   4. Position 1753: 'ation               ' (score=0.034180)
   5. Position 1583: 'ster                ' (score=0.023438)
   6. Position 1718: 'Louis               ' (score=0.020752)
   7. Position 1672: 'quer                ' (score=0.014221)
   8. Position  592: 'ons                 ' (score=0.012573)
   9. Position 1296: 'ade                 ' (score=0.012573)
  10. Position 1734: 'ster                ' (score=0.012573)

Attention Score Distribution:
  Min: 0.000230, Max: 0.063965
  Mean: 0.001759, Median: 0.000668
  Std: 0.004431
  Q25-Q75: 0.000380 - 0.001503

Top Entities (capitalized words):
  'Richard': 10
  'John': 8
  'II': 4
  'The': 4
  'Henry': 3
  'III': 3
  'London': 3
  'Glouce': 2
  'Roman': 2
  'France': 2

All Number Tokens:
  '0': 4
  '9': 3
  '6': 3
  '1': 3
  '4': 1
  '5': 1
================================================================================
Layer 27, Head 3
================================================================================

Token Type Distribution:
  Numbers: 8 (1.5%)
  Dates: 0 (0.0%)
  Entities (capitalized): 104 (19.4%)
  Punctuation: 95 (17.7%)
  Common words: 319 (59.5%)

Tokens containing '1216' or '1220':
  ⚠️ No date-related tokens found!

Top 10 highest attention tokens:
   1. Position 1358: 'ille                ' (score=0.042236)
   2. Position 1375: 'et                  ' (score=0.042236)
   3. Position  592: 'ons                 ' (score=0.029053)
   4. Position 1753: 'ation               ' (score=0.029053)
   5. Position  770: 'aine                ' (score=0.025635)
   6. Position 1718: 'Louis               ' (score=0.025635)
   7. Position 1288: 'Richard             ' (score=0.025635)
   8. Position 1637: 'king                ' (score=0.020020)
   9. Position  809: 'Richard             ' (score=0.020020)
  10. Position 1672: 'quer                ' (score=0.017578)

Attention Score Distribution:
  Min: 0.000222, Max: 0.042236
  Mean: 0.001762, Median: 0.000683
  Std: 0.004086
  Q25-Q75: 0.000322 - 0.001450

Top Entities (capitalized words):
  'John': 13
  'Richard': 12
  'England': 9
  'Henry': 7
  'II': 4
  'Westminster': 4
  'The': 3
  'III': 3
  'London': 3
  'France': 2

All Number Tokens:
  '6': 3
  '9': 2
  '1': 1
  '4': 1
  '0': 1

================================================================================
Layer 27 Cross-Head Comparison
================================================================================

Date tokens ('1216'/'1220') per head:
  Head 0: 0 date-related tokens
  Head 1: 0 date-related tokens
  Head 2: 0 date-related tokens
  Head 3: 0 date-related tokens

Entity focus per head:
  Head 0: 10.4% entities
  Head 1: 17.4% entities
  Head 2: 13.8% entities
  Head 3: 19.4% entities

====================================================================================================
Analysis saved to ./head_token_analysis/head_token_analysis.json
====================================================================================================

====================================================================================================
SUMMARY: Cross-Layer Head Behavior
====================================================================================================

Head 0 Evolution:
  Layer  0:  0 date tokens,  16.8% entities, score range: 0.000000-0.021240
  Layer  5:  0 date tokens,  20.7% entities, score range: 0.000263-0.120117
  Layer 14:  0 date tokens,  12.1% entities, score range: 0.000282-0.068848
  Layer 20:  0 date tokens,  17.2% entities, score range: 0.000401-0.017090
  Layer 27:  0 date tokens,  10.4% entities, score range: 0.000197-0.079590

Head 1 Evolution:
  Layer  0:  0 date tokens,  16.4% entities, score range: 0.000572-0.000572
  Layer  5:  0 date tokens,  28.0% entities, score range: 0.000435-0.030518
  Layer 14:  0 date tokens,  24.6% entities, score range: 0.000456-0.011780
  Layer 20:  0 date tokens,  10.8% entities, score range: 0.000355-0.052734
  Layer 27:  0 date tokens,  17.4% entities, score range: 0.000000-0.111328

Head 2 Evolution:
  Layer  0:  0 date tokens,  17.2% entities, score range: 0.000000-0.020020
  Layer  5:  0 date tokens,  17.5% entities, score range: 0.000391-0.031128
  Layer 14:  0 date tokens,  20.7% entities, score range: 0.000161-0.073730
  Layer 20:  0 date tokens,  12.3% entities, score range: 0.000131-0.052490
  Layer 27:  0 date tokens,  13.8% entities, score range: 0.000230-0.063965

Head 3 Evolution:
  Layer  0:  0 date tokens,   0.9% entities, score range: 0.000000-0.026855
  Layer  5:  0 date tokens,  15.3% entities, score range: 0.000648-0.004517
  Layer 14:  0 date tokens,  12.9% entities, score range: 0.000019-0.135742
  Layer 20:  0 date tokens,  11.6% entities, score range: 0.000265-0.019775
  Layer 27:  0 date tokens,  19.4% entities, score range: 0.000222-0.042236

/home/qujing/.local/share/uv/python/cpython-3.10.17-linux-x86_64-gnu/lib/python3.10/multiprocessing/resource_tracker.py:224: UserWarning: resource_tracker: There appear to be 8 leaked semaphore objects to clean up at shutdown
  warnings.warn('resource_tracker: There appear to be %d '
