================================================================================
KV Cache 分析工具
================================================================================

读取结果文件...
  BGE:         250 行
  Random:      250 行
  No Preprocess: 250 行

筛选样本（条件: bge_correct_noprep_wrong_random_correct）...
✓ 找到 42 个符合条件的样本

符合条件的样本:
  [0] Sample #3: Who is the spouse of the child of Peter Andreas Heiberg?...
  [1] Sample #7: Which university employed the person that Mach bands are named after?...
  [2] Sample #9: Who is the employer of the physicist who Mach number is named after?...
  [3] Sample #14: Who is the lead singer of the band performing Bang Bang Rock & Roll?...
  [4] Sample #18: What year was the father of Katherine of England crowned?...
  [5] Sample #22: What is the capital of the county that Pine Springs is located in?...
  [6] Sample #24: In 2002, what company merged with the top PC manufacturer from 1994?...
  [7] Sample #30: What team was Anna Benson's husband on?...
  [8] Sample #32: What is the record label for the singer who originally sang You Belong To Me....
  [9] Sample #35: When did the crowning of the person under whom the Chapter House was built happe...

将分析前 3 个样本...

================================================================================
深入分析样本 #3
================================================================================

问题信息:
  Main Question: Who is the spouse of the child of Peter Andreas Heiberg?
  Sub Question: Who is the child of Peter Andreas Heiberg?
  Ground Truth: Johan Ludvig Heiberg is the child of Peter Andreas Heiberg.

三种方法的预测:
  BGE:         Johan Ludvig Heiberg (正确: True)
  Random:      Johan Ludvig Heiberg (正确: True)
  No Preprocess: Johanne Luise Heiberg (正确: False)

加载KV Cache (example_id=1, chunk_id=1)...

计算KV Cache统计特性...

--------------------------------------------------------------------------------
KV Cache 统计对比
--------------------------------------------------------------------------------
指标                                    BGE          Random   No Preprocess
--------------------------------------------------------------------------------
key_norm_mean                   41.581810       41.434574       41.092411
key_std                          9.541717        9.544719        9.539952
key_sparsity                     0.006615        0.006609        0.006805
value_norm_mean                 10.091871       10.111266       10.016353
value_std                        1.194401        1.206095        1.182684
value_sparsity                   0.018546        0.018480        0.018559

计算KV Cache相似度矩阵...

--------------------------------------------------------------------------------
KV Cache 相似度矩阵
--------------------------------------------------------------------------------
对比对                                 Key Cosine    Value Cosine         Key MSE
--------------------------------------------------------------------------------
BGE vs Random                         0.999766        0.973358    6.482068e-02
BGE vs No Preprocess                  0.998922        0.950649    2.186172e-01
Random vs No Preprocess               0.999082        0.952377    1.896206e-01
✓ 可视化图表已保存: /home/shm/document/exp/FusionRAG/kv_analysis_output/sample_3_kv_analysis.png

✓ 详细报告已保存: /home/shm/document/exp/FusionRAG/kv_analysis_output/sample_3_report.json

================================================================================
深入分析样本 #7
================================================================================

问题信息:
  Main Question: Which university employed the person that Mach bands are named after?
  Sub Question: Which university employed Ernst Mach?
  Ground Truth: Ernst Mach was employed at Charles University in Prague.

三种方法的预测:
  BGE:         Charles University in Prague (正确: True)
  Random:      Charles University in Prague (正确: True)
  No Preprocess: University of Vienna (正确: False)

加载KV Cache (example_id=3, chunk_id=1)...

计算KV Cache统计特性...

--------------------------------------------------------------------------------
KV Cache 统计对比
--------------------------------------------------------------------------------
指标                                    BGE          Random   No Preprocess
--------------------------------------------------------------------------------
key_norm_mean                   42.789490       41.709198       41.254398
key_std                          9.565709        9.546424        9.544626
key_sparsity                     0.006455        0.006328        0.006477
value_norm_mean                 10.851981       10.411826       10.325274
value_std                        1.340665        1.309668        1.287409
value_sparsity                   0.017862        0.018230        0.018219

计算KV Cache相似度矩阵...

--------------------------------------------------------------------------------
KV Cache 相似度矩阵
--------------------------------------------------------------------------------
对比对                                 Key Cosine    Value Cosine         Key MSE
--------------------------------------------------------------------------------
BGE vs Random                         0.997269        0.807838    5.282365e-01
BGE vs No Preprocess                  0.996908        0.805195    5.948603e-01
Random vs No Preprocess               0.999416        0.962326    1.362536e-01
✓ 可视化图表已保存: /home/shm/document/exp/FusionRAG/kv_analysis_output/sample_7_kv_analysis.png

✓ 详细报告已保存: /home/shm/document/exp/FusionRAG/kv_analysis_output/sample_7_report.json

================================================================================
深入分析样本 #9
================================================================================

问题信息:
  Main Question: Who is the employer of the physicist who Mach number is named after?
  Sub Question: Who was Ernst Mach's employer or academic institution during his career?
  Ground Truth: Ernst Mach was a professor at Charles University in Prague.

三种方法的预测:
  BGE:         Charles University in Prague (正确: True)
  Random:      University of Vienna, Charles University in Prague (正确: True)
  No Preprocess: University of Vienna (正确: False)

加载KV Cache (example_id=4, chunk_id=1)...

计算KV Cache统计特性...

--------------------------------------------------------------------------------
KV Cache 统计对比
--------------------------------------------------------------------------------
指标                                    BGE          Random   No Preprocess
--------------------------------------------------------------------------------
key_norm_mean                   42.703503       41.733196       41.296227
key_std                          9.565502        9.552280        9.543671
key_sparsity                     0.006608        0.006527        0.006657
value_norm_mean                 10.963721       10.328670       10.313853
value_std                        1.332112        1.261596        1.254183
value_sparsity                   0.017947        0.018220        0.018204

计算KV Cache相似度矩阵...

--------------------------------------------------------------------------------
KV Cache 相似度矩阵
--------------------------------------------------------------------------------
对比对                                 Key Cosine    Value Cosine         Key MSE
--------------------------------------------------------------------------------
BGE vs Random                         0.996683        0.765684    6.342128e-01
BGE vs No Preprocess                  0.996594        0.762087    6.507456e-01
Random vs No Preprocess               0.999430        0.965910    1.324424e-01
✓ 可视化图表已保存: /home/shm/document/exp/FusionRAG/kv_analysis_output/sample_9_kv_analysis.png

✓ 详细报告已保存: /home/shm/document/exp/FusionRAG/kv_analysis_output/sample_9_report.json

================================================================================
分析完成！
结果保存在: /home/shm/document/exp/FusionRAG/kv_analysis_output
================================================================================
