Qwen2ForCausalLM has generative capabilities, as `prepare_inputs_for_generation` is explicitly defined. However, it doesn't directly inherit from `GenerationMixin`. From 👉v4.50👈 onwards, `PreTrainedModel` will NOT inherit from `GenerationMixin`, and this model will lose the ability to call `generate` and other related functions.
  - If you're using `trust_remote_code=True`, you can get rid of this warning by loading the model with an auto class. See https://huggingface.co/docs/transformers/en/model_doc/auto#auto-classes
  - If you are the owner of the model architecture code, please modify your model class such that it inherits from `GenerationMixin` (after `PreTrainedModel`, otherwise you'll get an exception).
  - If you are not the owner of the model architecture class, please contact the model code owner to update it.

====================================================================================================
Per-Layer Token Selection and Recomputation
====================================================================================================

Loading model...
Loading checkpoint shards:   0%|          | 0/4 [00:00<?, ?it/s]Loading checkpoint shards: 100%|██████████| 4/4 [00:00<00:00, 163.34it/s]
Qwen2ForCausalLM has generative capabilities, as `prepare_inputs_for_generation` is explicitly defined. However, it doesn't directly inherit from `GenerationMixin`. From 👉v4.50👈 onwards, `PreTrainedModel` will NOT inherit from `GenerationMixin`, and this model will lose the ability to call `generate` and other related functions.
  - If you're using `trust_remote_code=True`, you can get rid of this warning by loading the model with an auto class. See https://huggingface.co/docs/transformers/en/model_doc/auto#auto-classes
  - If you are the owner of the model architecture code, please modify your model class such that it inherits from `GenerationMixin` (after `PreTrainedModel`, otherwise you'll get an exception).
  - If you are not the owner of the model architecture class, please contact the model code owner to update it.
Qwen2ForCausalLM has generative capabilities, as `prepare_inputs_for_generation` is explicitly defined. However, it doesn't directly inherit from `GenerationMixin`. From 👉v4.50👈 onwards, `PreTrainedModel` will NOT inherit from `GenerationMixin`, and this model will lose the ability to call `generate` and other related functions.
  - If you're using `trust_remote_code=True`, you can get rid of this warning by loading the model with an auto class. See https://huggingface.co/docs/transformers/en/model_doc/auto#auto-classes
  - If you are the owner of the model architecture code, please modify your model class such that it inherits from `GenerationMixin` (after `PreTrainedModel`, otherwise you'll get an exception).
  - If you are not the owner of the model architecture class, please contact the model code owner to update it.

Loading data...
Loading dataset from ./result_reflect.json...
Limited to first 5 main questions

================================================================================
Building document corpus with scope: global
================================================================================
  Main question 1: 10 unique documents, 1 sub-questions
  Main question 2: 10 unique documents, 1 sub-questions
  Main question 3: 10 unique documents, 1 sub-questions
  Main question 4: 11 unique documents, 2 sub-questions
  Main question 5: 19 unique documents, 2 sub-questions

================================================================================
DATASET STATISTICS
================================================================================
Total main questions: 5
  - Testable: 5
  - Skipped (llm_judge=False or problematic answers): 0

Total sub-questions: 7
  - Testable: 7
  - Skipped: 0

Total documents (across all questions): 60
================================================================================

====================================================================================================
Example 4, Sub-question 1
====================================================================================================
Question: When was King Henry III of England crowned?
Ground Truth: Henry III was first crowned in 1216 at Gloucester Cathedral and had a second coronation on 17 May 1220 at Westminster Abbey.
====================================================================================================


====================================================================================================
Step 1: Computing per-layer token selections
====================================================================================================

Model config:
  Layers: 28
  Attention heads: 28
  KV heads: 4
  Head dim: 128
  Total ratio: 0.3

Loaded 11 document caches
Total document length: 1788 tokens

Computing attention scores...

  Layer  0 done
  Layer  5 done
  Layer 10 done
  Layer 15 done
  Layer 20 done
  Layer 25 done
  Layer 27 done

Computing layer-wise selections with decreasing ratios...

  Layer  0: ratio=0.540, selected 1575 tokens (88.1%)
  Layer  5: ratio=0.451, selected 728 tokens (40.7%)
  Layer 10: ratio=0.362, selected 284 tokens (15.9%)
  Layer 15: ratio=0.273, selected 50 tokens (2.8%)
  Layer 20: ratio=0.184, selected 9 tokens (0.5%)
  Layer 25: ratio=0.096, selected 6 tokens (0.3%)
  Layer 27: ratio=0.060, selected 1 tokens (0.1%)

====================================================================================================
Selection complete
====================================================================================================


====================================================================================================
Loading FULL cache (prefix + document)
====================================================================================================

  Loaded chunk 11: 94 tokens
  Loaded chunk 12: 137 tokens
  Loaded chunk 13: 191 tokens
  Loaded chunk 5: 124 tokens
  Loaded chunk 14: 263 tokens
  Loaded chunk 15: 72 tokens
  Loaded chunk 16: 59 tokens
  Loaded chunk 17: 44 tokens
  Loaded chunk 18: 78 tokens
  Loaded chunk 19: 100 tokens
  Loaded chunk 1: 146 tokens
  Loaded chunk 11: 138 tokens
  Loaded chunk 12: 148 tokens

Prefix length (chunks 0, 1): 146
Document length (chunks 2+): 1788
Total cache length: 1934


====================================================================================================
Step 2: Recomputing selected tokens manually
====================================================================================================

Total tokens to recompute: 1575
Processing tokens in order...

  Processed 1/1575 tokens
  Processed 101/1575 tokens
  Processed 201/1575 tokens
  Processed 301/1575 tokens
  Processed 401/1575 tokens
  Processed 501/1575 tokens
  Processed 601/1575 tokens
  Processed 701/1575 tokens
  Processed 801/1575 tokens
  Processed 901/1575 tokens
  Processed 1001/1575 tokens
  Processed 1101/1575 tokens
  Processed 1201/1575 tokens
  Processed 1301/1575 tokens
  Processed 1401/1575 tokens
  Processed 1501/1575 tokens
  Processed 1575/1575 tokens

====================================================================================================
Recomputation complete
====================================================================================================


====================================================================================================
Step 3: Generating with recomputed cache
====================================================================================================

Prefix length: 146
Document length: 1788
Query length: 24
Query positions: 1934 - 1957

Generating tokens...

  Step 0: 1
  Step 1: 7
  Step 2:  May
  Step 3:  
  Step 4: 1
  Step 5: 2
  Step 6: 2
  Step 7: 0
  Step 8: .
  Step 9:  This
  Step 10:  date
  Step 20:  Abbey
  Step 30:  Harold
  Step 40: 6
  Step 50:  rebels
  Step 60:  in
  Step 70:  to
  Step 80: 1
  Step 90:  Henry

====================================================================================================
Generation completed
====================================================================================================


====================================================================================================
FINAL RESULTS
====================================================================================================

Question: When was King Henry III of England crowned?

Ground Truth:
Henry III was first crowned in 1216 at Gloucester Cathedral and had a second coronation on 17 May 1220 at Westminster Abbey.

Generated Answer:

user
Question: When was King Henry III of England crowned?
assistant
Answer: 17 May 1220. This date is preserved for all future coronations at Westminster Abbey, as the last Anglo-Saxon monarch, Harold II, was crowned there in 1066. When London was under the control of rebels, Henry III was crowned at Gloucester Cathedral in 1216; he later chose to have a second coronation at Westminster in 1220. Two hundred years later, Henry VI also had two coronations; as king

====================================================================================================

Results saved to ./per_head_generation_results.json
