Qwen2ForCausalLM has generative capabilities, as `prepare_inputs_for_generation` is explicitly defined. However, it doesn't directly inherit from `GenerationMixin`. From 👉v4.50👈 onwards, `PreTrainedModel` will NOT inherit from `GenerationMixin`, and this model will lose the ability to call `generate` and other related functions.
  - If you're using `trust_remote_code=True`, you can get rid of this warning by loading the model with an auto class. See https://huggingface.co/docs/transformers/en/model_doc/auto#auto-classes
  - If you are the owner of the model architecture code, please modify your model class such that it inherits from `GenerationMixin` (after `PreTrainedModel`, otherwise you'll get an exception).
  - If you are not the owner of the model architecture class, please contact the model code owner to update it.

====================================================================================================
Per-Layer Token Selection and Recomputation
====================================================================================================

Loading model...
Loading checkpoint shards:   0%|          | 0/4 [00:00<?, ?it/s]Loading checkpoint shards: 100%|██████████| 4/4 [00:00<00:00, 162.57it/s]
Qwen2ForCausalLM has generative capabilities, as `prepare_inputs_for_generation` is explicitly defined. However, it doesn't directly inherit from `GenerationMixin`. From 👉v4.50👈 onwards, `PreTrainedModel` will NOT inherit from `GenerationMixin`, and this model will lose the ability to call `generate` and other related functions.
  - If you're using `trust_remote_code=True`, you can get rid of this warning by loading the model with an auto class. See https://huggingface.co/docs/transformers/en/model_doc/auto#auto-classes
  - If you are the owner of the model architecture code, please modify your model class such that it inherits from `GenerationMixin` (after `PreTrainedModel`, otherwise you'll get an exception).
  - If you are not the owner of the model architecture class, please contact the model code owner to update it.
Qwen2ForCausalLM has generative capabilities, as `prepare_inputs_for_generation` is explicitly defined. However, it doesn't directly inherit from `GenerationMixin`. From 👉v4.50👈 onwards, `PreTrainedModel` will NOT inherit from `GenerationMixin`, and this model will lose the ability to call `generate` and other related functions.
  - If you're using `trust_remote_code=True`, you can get rid of this warning by loading the model with an auto class. See https://huggingface.co/docs/transformers/en/model_doc/auto#auto-classes
  - If you are the owner of the model architecture code, please modify your model class such that it inherits from `GenerationMixin` (after `PreTrainedModel`, otherwise you'll get an exception).
  - If you are not the owner of the model architecture class, please contact the model code owner to update it.

Loading data...
Loading dataset from ./result_reflect.json...
Limited to first 5 main questions

================================================================================
Building document corpus with scope: global
================================================================================
  Main question 1: 10 unique documents, 1 sub-questions
  Main question 2: 10 unique documents, 1 sub-questions
  Main question 3: 10 unique documents, 1 sub-questions
  Main question 4: 11 unique documents, 2 sub-questions
  Main question 5: 19 unique documents, 2 sub-questions

================================================================================
DATASET STATISTICS
================================================================================
Total main questions: 5
  - Testable: 5
  - Skipped (llm_judge=False or problematic answers): 0

Total sub-questions: 7
  - Testable: 7
  - Skipped: 0

Total documents (across all questions): 60
================================================================================

====================================================================================================
Example 4, Sub-question 1
====================================================================================================
Question: When was King Henry III of England crowned?
Ground Truth: Henry III was first crowned in 1216 at Gloucester Cathedral and had a second coronation on 17 May 1220 at Westminster Abbey.
====================================================================================================


====================================================================================================
Step 1: Computing per-layer token selections
====================================================================================================

Model config:
  Layers: 28
  Attention heads: 28
  KV heads: 4
  Head dim: 128
  Total ratio: 0.3

Loaded 11 document caches
Total document length: 1788 tokens

Computing attention scores...

  Layer  0 done
  Layer  5 done
  Layer 10 done
  Layer 15 done
  Layer 20 done
  Layer 25 done
  Layer 27 done

====================================================================================================
Attention Distribution Analysis
====================================================================================================

Layer-wise Statistics:
Layer  Mean       Std        Max        P99        P95        P90       
----------------------------------------------------------------------
0      0.000559   0.001025   0.029785   0.002670   0.001617   0.001358  
2      0.000559   0.001156   0.018433   0.006134   0.002243   0.001289  
4      0.000559   0.001530   0.051270   0.005768   0.002151   0.001244  
6      0.000559   0.016476   0.984375   0.000000   0.000000   0.000000  
8      0.000560   0.020608   1.000000   0.000000   0.000000   0.000000  
10     0.000559   0.022142   1.000000   0.000000   0.000000   0.000000  
12     0.000559   0.021588   1.000000   0.000000   0.000000   0.000000  
14     0.000559   0.021871   1.000000   0.000000   0.000000   0.000000  
16     0.000559   0.023597   1.000000   0.000000   0.000000   0.000000  
18     0.000559   0.022111   1.000000   0.000000   0.000000   0.000000  
20     0.000559   0.022956   1.000000   0.000000   0.000000   0.000000  
22     0.000559   0.023643   1.000000   0.000000   0.000000   0.000000  
24     0.000559   0.023643   1.000000   0.000000   0.000000   0.000000  
26     0.000559   0.023643   1.000000   0.000000   0.000000   0.000000  
27     0.000560   0.019304   1.000000   0.000000   0.000000   0.000000  

Saved distribution plot to ./attention_analysis/attention_distribution.png

====================================================================================================
Selection Strategy Analysis
====================================================================================================

If using ABSOLUTE threshold (# tokens selected per layer):
Layer th=0.0001   th=0.0005   th=0.001    th=0.002    th=0.005    th=0.01     
------------------------------------------------------------------------------
0     1777        1103        935         258         48          15          
2     1743        1043        549         258         79          17          
4     1700        1115        655         332         81          29          
6     22          21          20          19          18          18          
8     18          14          13          12          10          9           
10    10          8           8           8           8           8           
12    19          15          10          10          8           8           
14    12          9           9           9           9           7           
16    7           5           5           5           5           4           
18    20          13          13          12          10          10          
20    10          8           8           7           5           5           
22    4           4           4           4           4           4           
24    5           4           4           4           4           4           
26    4           4           4           4           4           4           
27    10          10          10          10          10          10          

If using PERCENTILE threshold (# tokens selected per layer):
Layer P99         P95         P90         P85         P80         P75         
------------------------------------------------------------------------------
0     641         703         919         1011        1065        1252        
2     62          227         417         622         799         951         
4     76          320         555         755         932         1076        
6     70          326         599         819         1000        1163        
8     72          340         617         856         1788        1788        
10    73          319         582         784         950         1100        
12    69          333         606         834         1014        1165        
14    73          330         584         792         968         1137        
16    69          1788        1788        1788        1788        1788        
18    67          289         1788        1788        1788        1788        
20    70          1788        1788        1788        1788        1788        
22    1788        1788        1788        1788        1788        1788        
24    1788        1788        1788        1788        1788        1788        
26    1788        1788        1788        1788        1788        1788        
27    1788        1788        1788        1788        1788        1788        

====================================================================================================

Saved statistics to ./attention_analysis/attention_stats.json

Computing layer-wise selections using PERCENTILE strategy...

  Layer  0: percentile=P85.0, selected 1011 tokens ( 56.5%)
  Layer  2: percentile=P86.1, selected  241 tokens ( 13.5%)
  Layer  4: percentile=P87.2, selected   82 tokens (  4.6%)
  Layer  6: percentile=P88.3, selected   36 tokens (  2.0%)
  Layer  8: percentile=P89.4, selected   16 tokens (  0.9%)
  Layer 10: percentile=P90.0, selected    6 tokens (  0.3%)
  Layer 12: percentile=P91.1, selected    0 tokens (  0.0%)
  Layer 14: percentile=P92.2, selected    0 tokens (  0.0%)
  Layer 16: percentile=P93.3, selected    0 tokens (  0.0%)
  Layer 18: percentile=P94.4, selected    0 tokens (  0.0%)
  Layer 20: percentile=P95.0, selected    0 tokens (  0.0%)
  Layer 22: percentile=P95.9, selected    0 tokens (  0.0%)
  Layer 24: percentile=P96.7, selected    0 tokens (  0.0%)
  Layer 26: percentile=P97.6, selected    0 tokens (  0.0%)
  Layer 27: percentile=P98.0, selected    0 tokens (  0.0%)

====================================================================================================
Selection Statistics Summary
====================================================================================================

Total document tokens: 1788
Total layers: 28
Total possible recomputations: 50064
Actual recomputations: 2140
Overall recomputation ratio: 4.27%

Per-layer breakdown:
Layer    Percentile   Selected     Ratio     
---------------------------------------------
0        P85.0       1011          56.54%
1        P85.6       432           24.16%
2        P86.1       241           13.48%
3        P86.7       216           12.08%
4        P87.2       82             4.59%
5        P87.8       47             2.63%
6        P88.3       36             2.01%
7        P88.9       36             2.01%
8        P89.4       16             0.89%
9        P90.0       16             0.89%
10       P90.0       6              0.34%
11       P90.6       1              0.06%
12       P91.1       0              0.00%
13       P91.7       0              0.00%
14       P92.2       0              0.00%
15       P92.8       0              0.00%
16       P93.3       0              0.00%
17       P93.9       0              0.00%
18       P94.4       0              0.00%
19       P95.0       0              0.00%
20       P95.0       0              0.00%
21       P95.4       0              0.00%
22       P95.9       0              0.00%
23       P96.3       0              0.00%
24       P96.7       0              0.00%
25       P97.1       0              0.00%
26       P97.6       0              0.00%
27       P98.0       0              0.00%

====================================================================================================
Selection complete
====================================================================================================


====================================================================================================
Loading FULL cache (prefix + document)
====================================================================================================

  Loaded chunk 11: 94 tokens
  Loaded chunk 12: 137 tokens
  Loaded chunk 13: 191 tokens
  Loaded chunk 5: 124 tokens
  Loaded chunk 14: 263 tokens
  Loaded chunk 15: 72 tokens
  Loaded chunk 16: 59 tokens
  Loaded chunk 17: 44 tokens
  Loaded chunk 18: 78 tokens
  Loaded chunk 19: 100 tokens
  Loaded chunk 1: 146 tokens
  Loaded chunk 11: 138 tokens
  Loaded chunk 12: 148 tokens

Prefix length (chunks 0, 1): 146
Document length (chunks 2+): 1788
Total cache length: 1934


====================================================================================================
Step 2: Recomputing selected tokens manually
====================================================================================================

Total tokens to recompute: 1011
Processing tokens in order...

  Processed 1/1011 tokens
  Processed 101/1011 tokens
  Processed 201/1011 tokens
  Processed 301/1011 tokens
  Processed 401/1011 tokens
  Processed 501/1011 tokens
  Processed 601/1011 tokens
  Processed 701/1011 tokens
  Processed 801/1011 tokens
  Processed 901/1011 tokens
  Processed 1001/1011 tokens
  Processed 1011/1011 tokens

====================================================================================================
Recomputation complete
====================================================================================================


====================================================================================================
Step 3: Generating with recomputed cache
====================================================================================================

Prefix length: 146
Document length: 1788
Query length: 24
Query positions: 1934 - 1957

Generating tokens...

  Step 0: 1
  Step 1: 7
  Step 2:  May
  Step 3:  
  Step 4: 1
  Step 5: 2
  Step 6: 2
  Step 7: 0
  Step 8: .
  Step 9:  This
  Step 10:  date
  Step 20:  Westminster
  Step 30:  monarch
  Step 40:  support
  Step 50:  plans
  Step 60:  England
  Step 70:  left
  Step 80:  and
  Step 90:  in

====================================================================================================
Generation completed
====================================================================================================


====================================================================================================
FINAL RESULTS
====================================================================================================

Question: When was King Henry III of England crowned?

Ground Truth:
Henry III was first crowned in 1216 at Gloucester Cathedral and had a second coronation on 17 May 1220 at Westminster Abbey.

Generated Answer:

user
Question: When was King Henry III of England crowned?
assistant
Answer: 17 May 1220. This date was preserved for all future coronations, as Westminster Abbey was the chosen location for English and British monarchs' coronations. Henry II moved in support of Richard, and Henry II rearranged the plans for the succession, making Richard the King of England without any actual power until his death. Richard left political authority in England to justiciar roles, and he chose Gloucester Cathedral for his coronation in 1216 when London was under

====================================================================================================

Results saved to ./per_head_generation_results.json
