Qwen2ForCausalLM has generative capabilities, as `prepare_inputs_for_generation` is explicitly defined. However, it doesn't directly inherit from `GenerationMixin`. From 👉v4.50👈 onwards, `PreTrainedModel` will NOT inherit from `GenerationMixin`, and this model will lose the ability to call `generate` and other related functions.
  - If you're using `trust_remote_code=True`, you can get rid of this warning by loading the model with an auto class. See https://huggingface.co/docs/transformers/en/model_doc/auto#auto-classes
  - If you are the owner of the model architecture code, please modify your model class such that it inherits from `GenerationMixin` (after `PreTrainedModel`, otherwise you'll get an exception).
  - If you are not the owner of the model architecture class, please contact the model code owner to update it.

====================================================================================================
Per-Layer Token Selection and Recomputation
====================================================================================================

Loading model...
Loading checkpoint shards:   0%|          | 0/4 [00:00<?, ?it/s]Loading checkpoint shards: 100%|██████████| 4/4 [00:00<00:00, 158.44it/s]
Qwen2ForCausalLM has generative capabilities, as `prepare_inputs_for_generation` is explicitly defined. However, it doesn't directly inherit from `GenerationMixin`. From 👉v4.50👈 onwards, `PreTrainedModel` will NOT inherit from `GenerationMixin`, and this model will lose the ability to call `generate` and other related functions.
  - If you're using `trust_remote_code=True`, you can get rid of this warning by loading the model with an auto class. See https://huggingface.co/docs/transformers/en/model_doc/auto#auto-classes
  - If you are the owner of the model architecture code, please modify your model class such that it inherits from `GenerationMixin` (after `PreTrainedModel`, otherwise you'll get an exception).
  - If you are not the owner of the model architecture class, please contact the model code owner to update it.
Qwen2ForCausalLM has generative capabilities, as `prepare_inputs_for_generation` is explicitly defined. However, it doesn't directly inherit from `GenerationMixin`. From 👉v4.50👈 onwards, `PreTrainedModel` will NOT inherit from `GenerationMixin`, and this model will lose the ability to call `generate` and other related functions.
  - If you're using `trust_remote_code=True`, you can get rid of this warning by loading the model with an auto class. See https://huggingface.co/docs/transformers/en/model_doc/auto#auto-classes
  - If you are the owner of the model architecture code, please modify your model class such that it inherits from `GenerationMixin` (after `PreTrainedModel`, otherwise you'll get an exception).
  - If you are not the owner of the model architecture class, please contact the model code owner to update it.

Loading data...
Loading dataset from ./result_reflect.json...
Limited to first 5 main questions

================================================================================
Building document corpus with scope: global
================================================================================
  Main question 1: 10 unique documents, 1 sub-questions
  Main question 2: 10 unique documents, 1 sub-questions
  Main question 3: 10 unique documents, 1 sub-questions
  Main question 4: 11 unique documents, 2 sub-questions
  Main question 5: 19 unique documents, 2 sub-questions

================================================================================
DATASET STATISTICS
================================================================================
Total main questions: 5
  - Testable: 5
  - Skipped (llm_judge=False or problematic answers): 0

Total sub-questions: 7
  - Testable: 7
  - Skipped: 0

Total documents (across all questions): 60
================================================================================

====================================================================================================
Example 4, Sub-question 1
====================================================================================================
Question: When was King Henry III of England crowned?
Ground Truth: Henry III was first crowned in 1216 at Gloucester Cathedral and had a second coronation on 17 May 1220 at Westminster Abbey.
====================================================================================================


====================================================================================================
Step 1: Computing per-layer token selections
====================================================================================================

Model config:
  Layers: 28
  Attention heads: 28
  KV heads: 4
  Head dim: 128
  Total ratio: 0.3

Loaded 13 document caches
Total document length: 2075 tokens

Computing attention scores using 'query_attention' method...

Using SMART QUERY ATTENTION selection
  Query-aware selection with connected component analysis

  Computing query attention scores...

  Applying smart selection algorithm...
  High attention positions (>mean+0.5*std): 341
  Connected components: 119
  After component selection: 638

====================================================================================================
Smart Query Selection Statistics
====================================================================================================

Total document tokens: 2075
Target ratio: 30.0%
Selected tokens: 622 (30.0%)

====================================================================================================


====================================================================================================
Loading FULL cache (prefix + document)
====================================================================================================

  Loaded chunk 0: 94 tokens
  Loaded chunk 11: 146 tokens
  Loaded chunk 12: 138 tokens
  Loaded chunk 13: 148 tokens
  Loaded chunk 5: 263 tokens
  Loaded chunk 14: 226 tokens
  Loaded chunk 15: 194 tokens
  Loaded chunk 16: 70 tokens
  Loaded chunk 17: 87 tokens
  Loaded chunk 18: 85 tokens
  Loaded chunk 19: 319 tokens
  Loaded chunk 1: 94 tokens
  Loaded chunk 11: 146 tokens
  Loaded chunk 12: 138 tokens

Prefix length (chunk 0 = system prompt): 94
Document length (chunks 2+): 2075
Total cache length: 2169


====================================================================================================
Step 2: Sparse Prefill (Per-Head with Triton)
====================================================================================================

Critical tokens (Layer 0 union): 622
Query tokens: 24
Total sparse sequence: 646

Position mapping:
  Critical positions: 94 - 2168
  Query positions: 2169 - 2192

====================================================================================================
Per-Layer Per-Head Recomputation Statistics
====================================================================================================

Layer  Head0     Head1     Head2     Head3     Union    Ratio   
--------------------------------------------------------------
0      622       622       622       622       622        30.0%
4      622       622       622       622       622        30.0%
8      622       622       622       622       622        30.0%
12     622       622       622       622       622        30.0%
16     622       622       622       622       622        30.0%
20     622       622       622       622       622        30.0%
24     622       622       622       622       622        30.0%
27     622       622       622       622       622        30.0%
--------------------------------------------------------------

Total document tokens: 2075
Total layers: 28
Total possible recomputations: 58100
Actual recomputations (union): 17416
Overall recomputation ratio: 29.98%
====================================================================================================

Processing 28 layers with per-head sparse attention (Triton)...

  Layer  0 done
  Layer  4 done
  Layer  8 done
  Layer 12 done
  Layer 16 done
  Layer 20 done
  Layer 24 done
  Layer 27 done

Cache updated: total length = 2193

====================================================================================================
Sparse Prefill complete
====================================================================================================


====================================================================================================
Step 3: Generating with query re-forward
====================================================================================================

Prefix length: 94
Document length: 2075
Query length: 24
Query positions: 2169 - 2192
Re-forwarding query tokens on updated KV cache...

Total cache length after query forward: 2193
Generating tokens...

  Step 0: 1
  Step 1: 2
  Step 2: 2
  Step 3: 0
  Step 4: 


  Step 5: The
  Step 6:  reference
  Step 7:  text
  Step 8:  states
  Step 9:  that
  Step 10:  after
  Step 20:  in
  Step 30:  John
  Step 40:  to
  Step 50:  
  Step 60:  first
  Step 70: ,
  Step 80:  in
  EOS reached at step 87

====================================================================================================
Generation completed
====================================================================================================


====================================================================================================
FINAL RESULTS
====================================================================================================

Question: When was King Henry III of England crowned?

Ground Truth:
Henry III was first crowned in 1216 at Gloucester Cathedral and had a second coronation on 17 May 1220 at Westminster Abbey.

Generated Answer:
1220

The reference text states that after Henry III was unable to be crowned in London in 1199 due to his brother John's control over the city, he later chose to have a second coronation at Westminster Abbey in 1220. This indicates that his first coronation was in 1199, and the official and recognized coronation took place in 1220.

====================================================================================================

Results saved to ./per_head_generation_results_layer_wise_query_attention_0.3.json
