Qwen2ForCausalLM has generative capabilities, as `prepare_inputs_for_generation` is explicitly defined. However, it doesn't directly inherit from `GenerationMixin`. From 👉v4.50👈 onwards, `PreTrainedModel` will NOT inherit from `GenerationMixin`, and this model will lose the ability to call `generate` and other related functions.
  - If you're using `trust_remote_code=True`, you can get rid of this warning by loading the model with an auto class. See https://huggingface.co/docs/transformers/en/model_doc/auto#auto-classes
  - If you are the owner of the model architecture code, please modify your model class such that it inherits from `GenerationMixin` (after `PreTrainedModel`, otherwise you'll get an exception).
  - If you are not the owner of the model architecture class, please contact the model code owner to update it.
====================================================================================================
Token Position Analysis
====================================================================================================

Loading model...
Loading checkpoint shards:   0%|          | 0/4 [00:00<?, ?it/s]Loading checkpoint shards: 100%|██████████| 4/4 [00:00<00:00, 132.51it/s]
Qwen2ForCausalLM has generative capabilities, as `prepare_inputs_for_generation` is explicitly defined. However, it doesn't directly inherit from `GenerationMixin`. From 👉v4.50👈 onwards, `PreTrainedModel` will NOT inherit from `GenerationMixin`, and this model will lose the ability to call `generate` and other related functions.
  - If you're using `trust_remote_code=True`, you can get rid of this warning by loading the model with an auto class. See https://huggingface.co/docs/transformers/en/model_doc/auto#auto-classes
  - If you are the owner of the model architecture code, please modify your model class such that it inherits from `GenerationMixin` (after `PreTrainedModel`, otherwise you'll get an exception).
  - If you are not the owner of the model architecture class, please contact the model code owner to update it.
Qwen2ForCausalLM has generative capabilities, as `prepare_inputs_for_generation` is explicitly defined. However, it doesn't directly inherit from `GenerationMixin`. From 👉v4.50👈 onwards, `PreTrainedModel` will NOT inherit from `GenerationMixin`, and this model will lose the ability to call `generate` and other related functions.
  - If you're using `trust_remote_code=True`, you can get rid of this warning by loading the model with an auto class. See https://huggingface.co/docs/transformers/en/model_doc/auto#auto-classes
  - If you are the owner of the model architecture code, please modify your model class such that it inherits from `GenerationMixin` (after `PreTrainedModel`, otherwise you'll get an exception).
  - If you are not the owner of the model architecture class, please contact the model code owner to update it.

Loading data...
Loading dataset from ./result_reflect.json...
Limited to first 5 main questions

================================================================================
Building document corpus with scope: global
================================================================================
  Main question 1: 10 unique documents, 1 sub-questions
  Main question 2: 10 unique documents, 1 sub-questions
  Main question 3: 10 unique documents, 1 sub-questions
  Main question 4: 11 unique documents, 2 sub-questions
  Main question 5: 19 unique documents, 2 sub-questions

================================================================================
DATASET STATISTICS
================================================================================
Total main questions: 5
  - Testable: 5
  - Skipped (llm_judge=False or problematic answers): 0

Total sub-questions: 7
  - Testable: 7
  - Skipped: 0

Total documents (across all questions): 60
================================================================================

================================================================================
Computing selections for ratio=0.95, 0.9, 0.3
================================================================================

--- Computing ratio=0.95 ---

====================================================================================================
Step 1: Computing per-layer token selections
====================================================================================================

Model config:
  Layers: 28
  Attention heads: 28
  KV heads: 4
  Head dim: 128
  Total ratio: 0.95

Loaded 13 document caches
Total document length: 2075 tokens

Computing attention scores using 'reconstruction' method...

Using RECONSTRUCTION scoring (KVzip style)
  Scoring is query-agnostic (based on document structure)
  Repeat prompt: 7 tokens
  Target chunk: 512 tokens
  Total scoring input: 519 tokens
  Scoring query range: [0, 7)
  Layer  0 done
  Layer  5 done
  Layer 10 done
  Layer 15 done
  Layer 20 done
  Layer 25 done
  Layer 27 done

====================================================================================================
Attention Distribution Analysis
====================================================================================================

Layer-wise Statistics:
Layer  Mean       Std        Max        P99        P95        P90       
----------------------------------------------------------------------
0      0.003265   0.007635   0.137695   0.037109   0.011353   0.007721  
2      0.002840   0.007577   0.373047   0.027106   0.009888   0.005801  
4      0.016048   0.097342   1.000000   0.500000   0.030041   0.011230  
6      0.019530   0.129689   1.000000   1.000000   0.000000   0.000000  
8      0.020617   0.136321   1.000000   1.000000   0.000000   0.000000  
10     0.021598   0.140306   1.000000   1.000000   0.000000   0.000000  
12     0.022026   0.137978   1.000000   1.000000   0.000000   0.000000  
14     0.021143   0.135875   1.000000   1.000000   0.000000   0.000000  
16     0.021156   0.137427   1.000000   1.000000   0.000000   0.000000  
18     0.021492   0.137217   1.000000   1.000000   0.000000   0.000000  
20     0.017169   0.120892   1.000000   1.000000   0.000000   0.000000  
22     0.011249   0.098664   1.000000   0.500000   0.000000   0.000000  
24     0.021868   0.139575   1.000000   1.000000   0.000000   0.000000  
26     0.020904   0.136448   1.000000   1.000000   0.000000   0.000000  
27     0.020071   0.124628   1.000000   1.000000   0.013916   0.001656  

Saved distribution plot to ./attention_analysis/attention_distribution.png

====================================================================================================
Selection Strategy Analysis
====================================================================================================

If using ABSOLUTE threshold (# tokens selected per layer):
Layer th=0.0001   th=0.0005   th=0.001    th=0.002    th=0.005    th=0.01     
------------------------------------------------------------------------------
0     2075        2070        1999        1546        807         374         
2     2075        2034        1847        1373        636         301         
4     2069        1973        1836        1555        1107        739         
6     252         236         236         234         229         225         
8     221         208         208         207         203         200         
10    225         211         211         211         206         205         
12    254         230         229         229         226         224         
14    222         210         210         210         209         209         
16    195         192         192         192         192         192         
18    204         198         198         198         198         198         
20    166         166         166         166         166         166         
22    102         102         102         102         102         102         
24    214         214         214         214         214         214         
26    200         200         200         200         200         200         
27    2063        1755        1337        735         500         429         

If using PERCENTILE threshold (# tokens selected per layer):
Layer P99         P95         P90         P85         P80         P75         
------------------------------------------------------------------------------
0     96          414         648         831         1072        1263        
2     77          303         528         752         966         1135        
4     83          368         693         976         1186        1381        
6     105         378         706         2075        2075        2075        
8     138         379         2075        2075        2075        2075        
10    145         387         2075        2075        2075        2075        
12    132         370         2075        2075        2075        2075        
14    127         2075        2075        2075        2075        2075        
16    130         2075        2075        2075        2075        2075        
18    127         2075        2075        2075        2075        2075        
20    99          2075        2075        2075        2075        2075        
22    2075        2075        2075        2075        2075        2075        
24    145         2075        2075        2075        2075        2075        
26    133         2075        2075        2075        2075        2075        
27    117         2075        2075        2075        2075        2075        

====================================================================================================

Saved statistics to ./attention_analysis/attention_stats.json

Computing layer-wise PER-HEAD selections using LAYER_WISE strategy...

Using LAYER_WISE selection strategy
  - Different layers select different tokens
  - All heads within a layer select the SAME tokens
  - Target ratio: 95.0%

  Layer  0: selected=1971, union=1971 ( 95.0%)
  Layer  4: selected=1971, union=1971 ( 95.0%)
  Layer  8: selected=1971, union=1971 ( 95.0%)
  Layer 12: selected=1971, union=1971 ( 95.0%)
  Layer 16: selected=1971, union=1971 ( 95.0%)
  Layer 20: selected=1971, union=1971 ( 95.0%)
  Layer 24: selected=1971, union=1971 ( 95.0%)
  Layer 27: selected=1971, union=1971 ( 95.0%)

====================================================================================================
Per-Head Selection Statistics
====================================================================================================

Total document tokens: 2075
Total layers: 28
Total KV heads per layer: 4
Total possible (layer × head × token): 232400
Actual per-head selections: 220752
Overall selection ratio: 94.99%

Layer 0 union size: 1971 tokens (95.0%)

Per-layer head diversity (Jaccard similarity between heads):
  Layer  0: avg Jaccard similarity = 1.000
  Layer  7: avg Jaccard similarity = 1.000
  Layer 14: avg Jaccard similarity = 1.000
  Layer 27: avg Jaccard similarity = 1.000

====================================================================================================
Selection complete
====================================================================================================


--- Computing ratio=0.9 ---

====================================================================================================
Step 1: Computing per-layer token selections
====================================================================================================

Model config:
  Layers: 28
  Attention heads: 28
  KV heads: 4
  Head dim: 128
  Total ratio: 0.9

Loaded 13 document caches
Total document length: 2075 tokens

Computing attention scores using 'reconstruction' method...

Using RECONSTRUCTION scoring (KVzip style)
  Scoring is query-agnostic (based on document structure)
  Repeat prompt: 7 tokens
  Target chunk: 512 tokens
  Total scoring input: 519 tokens
  Scoring query range: [0, 7)
  Layer  0 done
  Layer  5 done
  Layer 10 done
  Layer 15 done
  Layer 20 done
  Layer 25 done
  Layer 27 done

====================================================================================================
Attention Distribution Analysis
====================================================================================================

Layer-wise Statistics:
Layer  Mean       Std        Max        P99        P95        P90       
----------------------------------------------------------------------
0      0.003265   0.007635   0.137695   0.037109   0.011353   0.007721  
2      0.002840   0.007577   0.373047   0.027106   0.009888   0.005801  
4      0.016048   0.097342   1.000000   0.500000   0.030041   0.011230  
6      0.019530   0.129689   1.000000   1.000000   0.000000   0.000000  
8      0.020617   0.136321   1.000000   1.000000   0.000000   0.000000  
10     0.021598   0.140306   1.000000   1.000000   0.000000   0.000000  
12     0.022026   0.137978   1.000000   1.000000   0.000000   0.000000  
14     0.021143   0.135875   1.000000   1.000000   0.000000   0.000000  
16     0.021156   0.137427   1.000000   1.000000   0.000000   0.000000  
18     0.021492   0.137217   1.000000   1.000000   0.000000   0.000000  
20     0.017169   0.120892   1.000000   1.000000   0.000000   0.000000  
22     0.011249   0.098664   1.000000   0.500000   0.000000   0.000000  
24     0.021868   0.139575   1.000000   1.000000   0.000000   0.000000  
26     0.020904   0.136448   1.000000   1.000000   0.000000   0.000000  
27     0.020071   0.124628   1.000000   1.000000   0.013916   0.001656  

Saved distribution plot to ./attention_analysis/attention_distribution.png

====================================================================================================
Selection Strategy Analysis
====================================================================================================

If using ABSOLUTE threshold (# tokens selected per layer):
Layer th=0.0001   th=0.0005   th=0.001    th=0.002    th=0.005    th=0.01     
------------------------------------------------------------------------------
0     2075        2070        1999        1546        807         374         
2     2075        2034        1847        1373        636         301         
4     2069        1973        1836        1555        1107        739         
6     252         236         236         234         229         225         
8     221         208         208         207         203         200         
10    225         211         211         211         206         205         
12    254         230         229         229         226         224         
14    222         210         210         210         209         209         
16    195         192         192         192         192         192         
18    204         198         198         198         198         198         
20    166         166         166         166         166         166         
22    102         102         102         102         102         102         
24    214         214         214         214         214         214         
26    200         200         200         200         200         200         
27    2063        1755        1337        735         500         429         

If using PERCENTILE threshold (# tokens selected per layer):
Layer P99         P95         P90         P85         P80         P75         
------------------------------------------------------------------------------
0     96          414         648         831         1072        1263        
2     77          303         528         752         966         1135        
4     83          368         693         976         1186        1381        
6     105         378         706         2075        2075        2075        
8     138         379         2075        2075        2075        2075        
10    145         387         2075        2075        2075        2075        
12    132         370         2075        2075        2075        2075        
14    127         2075        2075        2075        2075        2075        
16    130         2075        2075        2075        2075        2075        
18    127         2075        2075        2075        2075        2075        
20    99          2075        2075        2075        2075        2075        
22    2075        2075        2075        2075        2075        2075        
24    145         2075        2075        2075        2075        2075        
26    133         2075        2075        2075        2075        2075        
27    117         2075        2075        2075        2075        2075        

====================================================================================================

Saved statistics to ./attention_analysis/attention_stats.json

Computing layer-wise PER-HEAD selections using LAYER_WISE strategy...

Using LAYER_WISE selection strategy
  - Different layers select different tokens
  - All heads within a layer select the SAME tokens
  - Target ratio: 90.0%

  Layer  0: selected=1867, union=1867 ( 90.0%)
  Layer  4: selected=1867, union=1867 ( 90.0%)
  Layer  8: selected=1867, union=1867 ( 90.0%)
  Layer 12: selected=1867, union=1867 ( 90.0%)
  Layer 16: selected=1867, union=1867 ( 90.0%)
  Layer 20: selected=1867, union=1867 ( 90.0%)
  Layer 24: selected=1867, union=1867 ( 90.0%)
  Layer 27: selected=1867, union=1867 ( 90.0%)

====================================================================================================
Per-Head Selection Statistics
====================================================================================================

Total document tokens: 2075
Total layers: 28
Total KV heads per layer: 4
Total possible (layer × head × token): 232400
Actual per-head selections: 209104
Overall selection ratio: 89.98%

Layer 0 union size: 1867 tokens (90.0%)

Per-layer head diversity (Jaccard similarity between heads):
  Layer  0: avg Jaccard similarity = 1.000
  Layer  7: avg Jaccard similarity = 1.000
  Layer 14: avg Jaccard similarity = 1.000
  Layer 27: avg Jaccard similarity = 1.000

====================================================================================================
Selection complete
====================================================================================================


--- Computing ratio=0.3 ---

====================================================================================================
Step 1: Computing per-layer token selections
====================================================================================================

Model config:
  Layers: 28
  Attention heads: 28
  KV heads: 4
  Head dim: 128
  Total ratio: 0.3

Loaded 13 document caches
Total document length: 2075 tokens

Computing attention scores using 'reconstruction' method...

Using RECONSTRUCTION scoring (KVzip style)
  Scoring is query-agnostic (based on document structure)
  Repeat prompt: 7 tokens
  Target chunk: 512 tokens
  Total scoring input: 519 tokens
  Scoring query range: [0, 7)
  Layer  0 done
  Layer  5 done
  Layer 10 done
  Layer 15 done
  Layer 20 done
  Layer 25 done
  Layer 27 done

====================================================================================================
Attention Distribution Analysis
====================================================================================================

Layer-wise Statistics:
Layer  Mean       Std        Max        P99        P95        P90       
----------------------------------------------------------------------
0      0.003265   0.007635   0.137695   0.037109   0.011353   0.007721  
2      0.002840   0.007577   0.373047   0.027106   0.009888   0.005801  
4      0.016048   0.097342   1.000000   0.500000   0.030041   0.011230  
6      0.019530   0.129689   1.000000   1.000000   0.000000   0.000000  
8      0.020617   0.136321   1.000000   1.000000   0.000000   0.000000  
10     0.021598   0.140306   1.000000   1.000000   0.000000   0.000000  
12     0.022026   0.137978   1.000000   1.000000   0.000000   0.000000  
14     0.021143   0.135875   1.000000   1.000000   0.000000   0.000000  
16     0.021156   0.137427   1.000000   1.000000   0.000000   0.000000  
18     0.021492   0.137217   1.000000   1.000000   0.000000   0.000000  
20     0.017169   0.120892   1.000000   1.000000   0.000000   0.000000  
22     0.011249   0.098664   1.000000   0.500000   0.000000   0.000000  
24     0.021868   0.139575   1.000000   1.000000   0.000000   0.000000  
26     0.020904   0.136448   1.000000   1.000000   0.000000   0.000000  
27     0.020071   0.124628   1.000000   1.000000   0.013916   0.001656  

Saved distribution plot to ./attention_analysis/attention_distribution.png

====================================================================================================
Selection Strategy Analysis
====================================================================================================

If using ABSOLUTE threshold (# tokens selected per layer):
Layer th=0.0001   th=0.0005   th=0.001    th=0.002    th=0.005    th=0.01     
------------------------------------------------------------------------------
0     2075        2070        1999        1546        807         374         
2     2075        2034        1847        1373        636         301         
4     2069        1973        1836        1555        1107        739         
6     252         236         236         234         229         225         
8     221         208         208         207         203         200         
10    225         211         211         211         206         205         
12    254         230         229         229         226         224         
14    222         210         210         210         209         209         
16    195         192         192         192         192         192         
18    204         198         198         198         198         198         
20    166         166         166         166         166         166         
22    102         102         102         102         102         102         
24    214         214         214         214         214         214         
26    200         200         200         200         200         200         
27    2063        1755        1337        735         500         429         

If using PERCENTILE threshold (# tokens selected per layer):
Layer P99         P95         P90         P85         P80         P75         
------------------------------------------------------------------------------
0     96          414         648         831         1072        1263        
2     77          303         528         752         966         1135        
4     83          368         693         976         1186        1381        
6     105         378         706         2075        2075        2075        
8     138         379         2075        2075        2075        2075        
10    145         387         2075        2075        2075        2075        
12    132         370         2075        2075        2075        2075        
14    127         2075        2075        2075        2075        2075        
16    130         2075        2075        2075        2075        2075        
18    127         2075        2075        2075        2075        2075        
20    99          2075        2075        2075        2075        2075        
22    2075        2075        2075        2075        2075        2075        
24    145         2075        2075        2075        2075        2075        
26    133         2075        2075        2075        2075        2075        
27    117         2075        2075        2075        2075        2075        

====================================================================================================

Saved statistics to ./attention_analysis/attention_stats.json

Computing layer-wise PER-HEAD selections using LAYER_WISE strategy...

Using LAYER_WISE selection strategy
  - Different layers select different tokens
  - All heads within a layer select the SAME tokens
  - Target ratio: 30.0%

  Layer  0: selected= 622, union= 622 ( 30.0%)
  Layer  4: selected= 622, union= 622 ( 30.0%)
  Layer  8: selected= 622, union= 622 ( 30.0%)
  Layer 12: selected= 622, union= 622 ( 30.0%)
  Layer 16: selected= 622, union= 622 ( 30.0%)
  Layer 20: selected= 622, union= 622 ( 30.0%)
  Layer 24: selected= 622, union= 622 ( 30.0%)
  Layer 27: selected= 622, union= 622 ( 30.0%)

====================================================================================================
Per-Head Selection Statistics
====================================================================================================

Total document tokens: 2075
Total layers: 28
Total KV heads per layer: 4
Total possible (layer × head × token): 232400
Actual per-head selections: 69664
Overall selection ratio: 29.98%

Layer 0 union size: 622 tokens (30.0%)

Per-layer head diversity (Jaccard similarity between heads):
  Layer  0: avg Jaccard similarity = 1.000
  Layer  7: avg Jaccard similarity = 1.000
  Layer 14: avg Jaccard similarity = 1.000
  Layer 27: avg Jaccard similarity = 1.000

====================================================================================================
Selection complete
====================================================================================================


====================================================================================================
FINDING KEY TOKENS IN DOCUMENT
====================================================================================================

Keyword '1216' -> token_ids: [16, 17, 16, 21]
  Position   52: token_id=    16, text='1'
  Position   54: token_id=    21, text='6'
  Position   55: token_id=    21, text='6'
  Position   85: token_id=    16, text='1'
  Position   86: token_id=    17, text='2'
  Position   87: token_id=    16, text='1'
  Position   88: token_id=    21, text='6'
  Position  103: token_id=    16, text='1'
  Position  104: token_id=    17, text='2'
  Position  105: token_id=    17, text='2'
  Position  129: token_id=    16, text='1'
  Position  131: token_id=    17, text='2'
  Position  143: token_id=    16, text='1'
  Position  146: token_id=    16, text='1'
  Position  159: token_id=    16, text='1'
  Position  161: token_id=    21, text='6'
  Position  162: token_id=    21, text='6'
  Position  191: token_id=    16, text='1'
  Position  192: token_id=    17, text='2'
  Position  193: token_id=    16, text='1'
  Position  194: token_id=    21, text='6'
  Position  261: token_id=    16, text='1'
  Position  265: token_id=    16, text='1'
  Position  266: token_id=    17, text='2'
  Position  267: token_id=    17, text='2'
  Position  338: token_id=    16, text='1'
  Position  345: token_id=    16, text='1'
  Position  348: token_id=    16, text='1'
  Position  351: token_id=    16, text='1'
  Position  354: token_id=    21, text='6'
  Position  363: token_id=    16, text='1'
  Position  463: token_id=    16, text='1'
  Position  464: token_id=    17, text='2'
  Position  465: token_id=    16, text='1'
  Position  477: token_id=    16, text='1'
  Position  478: token_id=    17, text='2'
  Position  479: token_id=    16, text='1'
  Position  552: token_id=    16, text='1'
  Position  737: token_id=    16, text='1'
  Position  738: token_id=    16, text='1'
  Position  801: token_id=    16, text='1'
  Position  802: token_id=    17, text='2'
  Position  803: token_id=    16, text='1'
  Position  884: token_id=    16, text='1'
  Position  885: token_id=    17, text='2'
  Position  886: token_id=    21, text='6'
  Position  912: token_id=    16, text='1'
  Position  913: token_id=    17, text='2'
  Position  914: token_id=    21, text='6'
  Position  918: token_id=    16, text='1'
  Position  919: token_id=    17, text='2'
  Position  920: token_id=    21, text='6'
  Position  951: token_id=    16, text='1'
  Position  952: token_id=    16, text='1'
  Position 1120: token_id=    16, text='1'
  Position 1121: token_id=    16, text='1'
  Position 1137: token_id=    17, text='2'
  Position 1140: token_id=    16, text='1'
  Position 1141: token_id=    16, text='1'
  Position 1205: token_id=    16, text='1'
  Position 1262: token_id=    17, text='2'
  Position 1276: token_id=    16, text='1'
  Position 1280: token_id=    16, text='1'
  Position 1300: token_id=    17, text='2'
  Position 1304: token_id=    16, text='1'
  Position 1305: token_id=    17, text='2'
  Position 1311: token_id=    16, text='1'
  Position 1312: token_id=    17, text='2'
  Position 1390: token_id=    16, text='1'
  Position 1391: token_id=    16, text='1'
  Position 1706: token_id=    16, text='1'
  Position 1707: token_id=    17, text='2'
  Position 1708: token_id=    17, text='2'
  Position 1715: token_id=    16, text='1'
  Position 1716: token_id=    17, text='2'
  Position 1718: token_id=    21, text='6'
  Position 1745: token_id=    21, text='6'
  Position 1761: token_id=    16, text='1'
  Position 1762: token_id=    17, text='2'
  Position 1840: token_id=    16, text='1'
  Position 1842: token_id=    21, text='6'
  Position 1843: token_id=    21, text='6'
  Position 1873: token_id=    16, text='1'
  Position 1874: token_id=    17, text='2'
  Position 1875: token_id=    16, text='1'
  Position 1876: token_id=    21, text='6'
  Position 1891: token_id=    16, text='1'
  Position 1892: token_id=    17, text='2'
  Position 1893: token_id=    17, text='2'
  Position 1917: token_id=    16, text='1'
  Position 1919: token_id=    17, text='2'
  Position 1931: token_id=    16, text='1'
  Position 1934: token_id=    16, text='1'
  Position 1947: token_id=    16, text='1'
  Position 1949: token_id=    21, text='6'
  Position 1950: token_id=    21, text='6'
  Position 1979: token_id=    16, text='1'
  Position 1980: token_id=    17, text='2'
  Position 1981: token_id=    16, text='1'
  Position 1982: token_id=    21, text='6'
  Position 2049: token_id=    16, text='1'
  Position 2053: token_id=    16, text='1'
  Position 2054: token_id=    17, text='2'
  Position 2055: token_id=    17, text='2'

Keyword '1220' -> token_ids: [16, 17, 17, 15]
  Position   52: token_id=    16, text='1'
  Position   53: token_id=    15, text='0'
  Position   85: token_id=    16, text='1'
  Position   86: token_id=    17, text='2'
  Position   87: token_id=    16, text='1'
  Position  103: token_id=    16, text='1'
  Position  104: token_id=    17, text='2'
  Position  105: token_id=    17, text='2'
  Position  106: token_id=    15, text='0'
  Position  129: token_id=    16, text='1'
  Position  131: token_id=    17, text='2'
  Position  143: token_id=    16, text='1'
  Position  146: token_id=    16, text='1'
  Position  159: token_id=    16, text='1'
  Position  160: token_id=    15, text='0'
  Position  191: token_id=    16, text='1'
  Position  192: token_id=    17, text='2'
  Position  193: token_id=    16, text='1'
  Position  261: token_id=    16, text='1'
  Position  265: token_id=    16, text='1'
  Position  266: token_id=    17, text='2'
  Position  267: token_id=    17, text='2'
  Position  268: token_id=    15, text='0'
  Position  338: token_id=    16, text='1'
  Position  340: token_id=    15, text='0'
  Position  345: token_id=    16, text='1'
  Position  347: token_id=    15, text='0'
  Position  348: token_id=    16, text='1'
  Position  351: token_id=    16, text='1'
  Position  363: token_id=    16, text='1'
  Position  366: token_id=    15, text='0'
  Position  463: token_id=    16, text='1'
  Position  464: token_id=    17, text='2'
  Position  465: token_id=    16, text='1'
  Position  477: token_id=    16, text='1'
  Position  478: token_id=    17, text='2'
  Position  479: token_id=    16, text='1'
  Position  552: token_id=    16, text='1'
  Position  737: token_id=    16, text='1'
  Position  738: token_id=    16, text='1'
  Position  801: token_id=    16, text='1'
  Position  802: token_id=    17, text='2'
  Position  803: token_id=    16, text='1'
  Position  884: token_id=    16, text='1'
  Position  885: token_id=    17, text='2'
  Position  912: token_id=    16, text='1'
  Position  913: token_id=    17, text='2'
  Position  918: token_id=    16, text='1'
  Position  919: token_id=    17, text='2'
  Position  951: token_id=    16, text='1'
  Position  952: token_id=    16, text='1'
  Position 1120: token_id=    16, text='1'
  Position 1121: token_id=    16, text='1'
  Position 1137: token_id=    17, text='2'
  Position 1140: token_id=    16, text='1'
  Position 1141: token_id=    16, text='1'
  Position 1142: token_id=    15, text='0'
  Position 1143: token_id=    15, text='0'
  Position 1205: token_id=    16, text='1'
  Position 1262: token_id=    17, text='2'
  Position 1263: token_id=    15, text='0'
  Position 1276: token_id=    16, text='1'
  Position 1280: token_id=    16, text='1'
  Position 1283: token_id=    15, text='0'
  Position 1300: token_id=    17, text='2'
  Position 1304: token_id=    16, text='1'
  Position 1305: token_id=    17, text='2'
  Position 1311: token_id=    16, text='1'
  Position 1312: token_id=    17, text='2'
  Position 1390: token_id=    16, text='1'
  Position 1391: token_id=    16, text='1'
  Position 1706: token_id=    16, text='1'
  Position 1707: token_id=    17, text='2'
  Position 1708: token_id=    17, text='2'
  Position 1715: token_id=    16, text='1'
  Position 1716: token_id=    17, text='2'
  Position 1761: token_id=    16, text='1'
  Position 1762: token_id=    17, text='2'
  Position 1840: token_id=    16, text='1'
  Position 1841: token_id=    15, text='0'
  Position 1873: token_id=    16, text='1'
  Position 1874: token_id=    17, text='2'
  Position 1875: token_id=    16, text='1'
  Position 1891: token_id=    16, text='1'
  Position 1892: token_id=    17, text='2'
  Position 1893: token_id=    17, text='2'
  Position 1894: token_id=    15, text='0'
  Position 1917: token_id=    16, text='1'
  Position 1919: token_id=    17, text='2'
  Position 1931: token_id=    16, text='1'
  Position 1934: token_id=    16, text='1'
  Position 1947: token_id=    16, text='1'
  Position 1948: token_id=    15, text='0'
  Position 1979: token_id=    16, text='1'
  Position 1980: token_id=    17, text='2'
  Position 1981: token_id=    16, text='1'
  Position 2049: token_id=    16, text='1'
  Position 2053: token_id=    16, text='1'
  Position 2054: token_id=    17, text='2'
  Position 2055: token_id=    17, text='2'
  Position 2056: token_id=    15, text='0'

Keyword 'Gloucester' -> token_ids: [31541, 69779, 3667]
  Position   82: token_id=  3667, text='ster'
  Position  233: token_id=  3667, text='ster'
  Position  455: token_id=  3667, text='ster'
  Position 1464: token_id=  3667, text='ster'
  Position 1870: token_id=  3667, text='ster'
  Position 2021: token_id=  3667, text='ster'

Keyword 'Westminster' -> token_ids: [23306, 40378]

Keyword 'crowned' -> token_ids: [66, 44084]

Keyword 'coronation' -> token_ids: [6005, 90883]

====================================================================================================
CHECKING IF KEY TOKENS ARE SELECTED
====================================================================================================

Layer 0 selection sizes:
  ratio=0.95: 1971 tokens
  ratio=0.9:  1867 tokens
  ratio=0.3:  622 tokens
  missing (0.95-0.9): 104 tokens

--- Keyword: '1216' ---
  Position   52 '1': 0.3✓ | 0.9✓ | 0.95✓
  Position   54 '6': 0.3✗ | 0.9✓ | 0.95✓
  Position   55 '6': 0.3✗ | 0.9✗ | 0.95✓ | MISSING✓
  Position   85 '1': 0.3✗ | 0.9✓ | 0.95✓
  Position   86 '2': 0.3✗ | 0.9✓ | 0.95✓
  Position   87 '1': 0.3✗ | 0.9✗ | 0.95✓ | MISSING✓
  Position   88 '6': 0.3✗ | 0.9✓ | 0.95✓
  Position  103 '1': 0.3✗ | 0.9✓ | 0.95✓
  Position  104 '2': 0.3✗ | 0.9✓ | 0.95✓
  Position  105 '2': 0.3✗ | 0.9✓ | 0.95✓
  Position  129 '1': 0.3✗ | 0.9✗ | 0.95✗
  Position  131 '2': 0.3✗ | 0.9✗ | 0.95✗
  Position  143 '1': 0.3✗ | 0.9✓ | 0.95✓
  Position  146 '1': 0.3✗ | 0.9✓ | 0.95✓
  Position  159 '1': 0.3✗ | 0.9✓ | 0.95✓
  Position  161 '6': 0.3✗ | 0.9✓ | 0.95✓
  Position  162 '6': 0.3✗ | 0.9✗ | 0.95✓ | MISSING✓
  Position  191 '1': 0.3✗ | 0.9✓ | 0.95✓
  Position  192 '2': 0.3✓ | 0.9✓ | 0.95✓
  Position  193 '1': 0.3✓ | 0.9✓ | 0.95✓
  Position  194 '6': 0.3✓ | 0.9✓ | 0.95✓
  Position  261 '1': 0.3✗ | 0.9✓ | 0.95✓
  Position  265 '1': 0.3✗ | 0.9✓ | 0.95✓
  Position  266 '2': 0.3✗ | 0.9✓ | 0.95✓
  Position  267 '2': 0.3✗ | 0.9✓ | 0.95✓
  Position  338 '1': 0.3✗ | 0.9✓ | 0.95✓
  Position  345 '1': 0.3✗ | 0.9✓ | 0.95✓
  Position  348 '1': 0.3✗ | 0.9✗ | 0.95✓ | MISSING✓
  Position  351 '1': 0.3✗ | 0.9✗ | 0.95✓ | MISSING✓
  Position  354 '6': 0.3✗ | 0.9✗ | 0.95✗
  Position  363 '1': 0.3✗ | 0.9✓ | 0.95✓
  Position  463 '1': 0.3✗ | 0.9✓ | 0.95✓
  Position  464 '2': 0.3✗ | 0.9✓ | 0.95✓
  Position  465 '1': 0.3✓ | 0.9✓ | 0.95✓
  Position  477 '1': 0.3✗ | 0.9✓ | 0.95✓
  Position  478 '2': 0.3✗ | 0.9✓ | 0.95✓
  Position  479 '1': 0.3✗ | 0.9✓ | 0.95✓
  Position  552 '1': 0.3✗ | 0.9✓ | 0.95✓
  Position  737 '1': 0.3✓ | 0.9✓ | 0.95✓
  Position  738 '1': 0.3✓ | 0.9✓ | 0.95✓
  Position  801 '1': 0.3✗ | 0.9✓ | 0.95✓
  Position  802 '2': 0.3✗ | 0.9✓ | 0.95✓
  Position  803 '1': 0.3✗ | 0.9✓ | 0.95✓
  Position  884 '1': 0.3✗ | 0.9✗ | 0.95✓ | MISSING✓
  Position  885 '2': 0.3✗ | 0.9✗ | 0.95✓ | MISSING✓
  Position  886 '6': 0.3✗ | 0.9✓ | 0.95✓
  Position  912 '1': 0.3✗ | 0.9✗ | 0.95✓ | MISSING✓
  Position  913 '2': 0.3✗ | 0.9✗ | 0.95✓ | MISSING✓
  Position  914 '6': 0.3✗ | 0.9✗ | 0.95✗
  Position  918 '1': 0.3✗ | 0.9✗ | 0.95✓ | MISSING✓
  Position  919 '2': 0.3✗ | 0.9✓ | 0.95✓
  Position  920 '6': 0.3✗ | 0.9✗ | 0.95✗
  Position  951 '1': 0.3✗ | 0.9✓ | 0.95✓
  Position  952 '1': 0.3✗ | 0.9✓ | 0.95✓
  Position 1120 '1': 0.3✗ | 0.9✓ | 0.95✓
  Position 1121 '1': 0.3✗ | 0.9✓ | 0.95✓
  Position 1137 '2': 0.3✗ | 0.9✓ | 0.95✓
  Position 1140 '1': 0.3✗ | 0.9✗ | 0.95✓ | MISSING✓
  Position 1141 '1': 0.3✗ | 0.9✓ | 0.95✓
  Position 1205 '1': 0.3✗ | 0.9✓ | 0.95✓
  Position 1262 '2': 0.3✗ | 0.9✗ | 0.95✓ | MISSING✓
  Position 1276 '1': 0.3✗ | 0.9✓ | 0.95✓
  Position 1280 '1': 0.3✗ | 0.9✓ | 0.95✓
  Position 1300 '2': 0.3✗ | 0.9✗ | 0.95✓ | MISSING✓
  Position 1304 '1': 0.3✗ | 0.9✓ | 0.95✓
  Position 1305 '2': 0.3✗ | 0.9✓ | 0.95✓
  Position 1311 '1': 0.3✗ | 0.9✓ | 0.95✓
  Position 1312 '2': 0.3✗ | 0.9✓ | 0.95✓
  Position 1390 '1': 0.3✗ | 0.9✓ | 0.95✓
  Position 1391 '1': 0.3✗ | 0.9✓ | 0.95✓
  Position 1706 '1': 0.3✗ | 0.9✓ | 0.95✓
  Position 1707 '2': 0.3✗ | 0.9✗ | 0.95✓ | MISSING✓
  Position 1708 '2': 0.3✗ | 0.9✗ | 0.95✓ | MISSING✓
  Position 1715 '1': 0.3✗ | 0.9✓ | 0.95✓
  Position 1716 '2': 0.3✗ | 0.9✓ | 0.95✓
  Position 1718 '6': 0.3✗ | 0.9✓ | 0.95✓
  Position 1745 '6': 0.3✗ | 0.9✓ | 0.95✓
  Position 1761 '1': 0.3✗ | 0.9✗ | 0.95✓ | MISSING✓
  Position 1762 '2': 0.3✗ | 0.9✗ | 0.95✓ | MISSING✓
  Position 1840 '1': 0.3✓ | 0.9✓ | 0.95✓
  Position 1842 '6': 0.3✗ | 0.9✓ | 0.95✓
  Position 1843 '6': 0.3✗ | 0.9✗ | 0.95✓ | MISSING✓
  Position 1873 '1': 0.3✗ | 0.9✓ | 0.95✓
  Position 1874 '2': 0.3✗ | 0.9✓ | 0.95✓
  Position 1875 '1': 0.3✗ | 0.9✗ | 0.95✓ | MISSING✓
  Position 1876 '6': 0.3✗ | 0.9✓ | 0.95✓
  Position 1891 '1': 0.3✗ | 0.9✓ | 0.95✓
  Position 1892 '2': 0.3✗ | 0.9✓ | 0.95✓
  Position 1893 '2': 0.3✗ | 0.9✓ | 0.95✓
  Position 1917 '1': 0.3✗ | 0.9✗ | 0.95✗
  Position 1919 '2': 0.3✗ | 0.9✗ | 0.95✗
  Position 1931 '1': 0.3✗ | 0.9✓ | 0.95✓
  Position 1934 '1': 0.3✗ | 0.9✓ | 0.95✓
  Position 1947 '1': 0.3✗ | 0.9✓ | 0.95✓
  Position 1949 '6': 0.3✗ | 0.9✓ | 0.95✓
  Position 1950 '6': 0.3✗ | 0.9✗ | 0.95✓ | MISSING✓
  Position 1979 '1': 0.3✗ | 0.9✓ | 0.95✓
  Position 1980 '2': 0.3✓ | 0.9✓ | 0.95✓
  Position 1981 '1': 0.3✓ | 0.9✓ | 0.95✓
  Position 1982 '6': 0.3✓ | 0.9✓ | 0.95✓
  Position 2049 '1': 0.3✗ | 0.9✓ | 0.95✓
  Position 2053 '1': 0.3✗ | 0.9✓ | 0.95✓
  Position 2054 '2': 0.3✗ | 0.9✓ | 0.95✓
  Position 2055 '2': 0.3✗ | 0.9✓ | 0.95✓

--- Keyword: '1220' ---
  Position   52 '1': 0.3✓ | 0.9✓ | 0.95✓
  Position   53 '0': 0.3✗ | 0.9✓ | 0.95✓
  Position   85 '1': 0.3✗ | 0.9✓ | 0.95✓
  Position   86 '2': 0.3✗ | 0.9✓ | 0.95✓
  Position   87 '1': 0.3✗ | 0.9✗ | 0.95✓ | MISSING✓
  Position  103 '1': 0.3✗ | 0.9✓ | 0.95✓
  Position  104 '2': 0.3✗ | 0.9✓ | 0.95✓
  Position  105 '2': 0.3✗ | 0.9✓ | 0.95✓
  Position  106 '0': 0.3✗ | 0.9✓ | 0.95✓
  Position  129 '1': 0.3✗ | 0.9✗ | 0.95✗
  Position  131 '2': 0.3✗ | 0.9✗ | 0.95✗
  Position  143 '1': 0.3✗ | 0.9✓ | 0.95✓
  Position  146 '1': 0.3✗ | 0.9✓ | 0.95✓
  Position  159 '1': 0.3✗ | 0.9✓ | 0.95✓
  Position  160 '0': 0.3✗ | 0.9✗ | 0.95✓ | MISSING✓
  Position  191 '1': 0.3✗ | 0.9✓ | 0.95✓
  Position  192 '2': 0.3✓ | 0.9✓ | 0.95✓
  Position  193 '1': 0.3✓ | 0.9✓ | 0.95✓
  Position  261 '1': 0.3✗ | 0.9✓ | 0.95✓
  Position  265 '1': 0.3✗ | 0.9✓ | 0.95✓
  Position  266 '2': 0.3✗ | 0.9✓ | 0.95✓
  Position  267 '2': 0.3✗ | 0.9✓ | 0.95✓
  Position  268 '0': 0.3✗ | 0.9✓ | 0.95✓
  Position  338 '1': 0.3✗ | 0.9✓ | 0.95✓
  Position  340 '0': 0.3✗ | 0.9✓ | 0.95✓
  Position  345 '1': 0.3✗ | 0.9✓ | 0.95✓
  Position  347 '0': 0.3✗ | 0.9✓ | 0.95✓
  Position  348 '1': 0.3✗ | 0.9✗ | 0.95✓ | MISSING✓
  Position  351 '1': 0.3✗ | 0.9✗ | 0.95✓ | MISSING✓
  Position  363 '1': 0.3✗ | 0.9✓ | 0.95✓
  Position  366 '0': 0.3✗ | 0.9✗ | 0.95✗
  Position  463 '1': 0.3✗ | 0.9✓ | 0.95✓
  Position  464 '2': 0.3✗ | 0.9✓ | 0.95✓
  Position  465 '1': 0.3✓ | 0.9✓ | 0.95✓
  Position  477 '1': 0.3✗ | 0.9✓ | 0.95✓
  Position  478 '2': 0.3✗ | 0.9✓ | 0.95✓
  Position  479 '1': 0.3✗ | 0.9✓ | 0.95✓
  Position  552 '1': 0.3✗ | 0.9✓ | 0.95✓
  Position  737 '1': 0.3✓ | 0.9✓ | 0.95✓
  Position  738 '1': 0.3✓ | 0.9✓ | 0.95✓
  Position  801 '1': 0.3✗ | 0.9✓ | 0.95✓
  Position  802 '2': 0.3✗ | 0.9✓ | 0.95✓
  Position  803 '1': 0.3✗ | 0.9✓ | 0.95✓
  Position  884 '1': 0.3✗ | 0.9✗ | 0.95✓ | MISSING✓
  Position  885 '2': 0.3✗ | 0.9✗ | 0.95✓ | MISSING✓
  Position  912 '1': 0.3✗ | 0.9✗ | 0.95✓ | MISSING✓
  Position  913 '2': 0.3✗ | 0.9✗ | 0.95✓ | MISSING✓
  Position  918 '1': 0.3✗ | 0.9✗ | 0.95✓ | MISSING✓
  Position  919 '2': 0.3✗ | 0.9✓ | 0.95✓
  Position  951 '1': 0.3✗ | 0.9✓ | 0.95✓
  Position  952 '1': 0.3✗ | 0.9✓ | 0.95✓
  Position 1120 '1': 0.3✗ | 0.9✓ | 0.95✓
  Position 1121 '1': 0.3✗ | 0.9✓ | 0.95✓
  Position 1137 '2': 0.3✗ | 0.9✓ | 0.95✓
  Position 1140 '1': 0.3✗ | 0.9✗ | 0.95✓ | MISSING✓
  Position 1141 '1': 0.3✗ | 0.9✓ | 0.95✓
  Position 1142 '0': 0.3✗ | 0.9✓ | 0.95✓
  Position 1143 '0': 0.3✗ | 0.9✗ | 0.95✓ | MISSING✓
  Position 1205 '1': 0.3✗ | 0.9✓ | 0.95✓
  Position 1262 '2': 0.3✗ | 0.9✗ | 0.95✓ | MISSING✓
  Position 1263 '0': 0.3✗ | 0.9✗ | 0.95✗
  Position 1276 '1': 0.3✗ | 0.9✓ | 0.95✓
  Position 1280 '1': 0.3✗ | 0.9✓ | 0.95✓
  Position 1283 '0': 0.3✗ | 0.9✓ | 0.95✓
  Position 1300 '2': 0.3✗ | 0.9✗ | 0.95✓ | MISSING✓
  Position 1304 '1': 0.3✗ | 0.9✓ | 0.95✓
  Position 1305 '2': 0.3✗ | 0.9✓ | 0.95✓
  Position 1311 '1': 0.3✗ | 0.9✓ | 0.95✓
  Position 1312 '2': 0.3✗ | 0.9✓ | 0.95✓
  Position 1390 '1': 0.3✗ | 0.9✓ | 0.95✓
  Position 1391 '1': 0.3✗ | 0.9✓ | 0.95✓
  Position 1706 '1': 0.3✗ | 0.9✓ | 0.95✓
  Position 1707 '2': 0.3✗ | 0.9✗ | 0.95✓ | MISSING✓
  Position 1708 '2': 0.3✗ | 0.9✗ | 0.95✓ | MISSING✓
  Position 1715 '1': 0.3✗ | 0.9✓ | 0.95✓
  Position 1716 '2': 0.3✗ | 0.9✓ | 0.95✓
  Position 1761 '1': 0.3✗ | 0.9✗ | 0.95✓ | MISSING✓
  Position 1762 '2': 0.3✗ | 0.9✗ | 0.95✓ | MISSING✓
  Position 1840 '1': 0.3✓ | 0.9✓ | 0.95✓
  Position 1841 '0': 0.3✗ | 0.9✓ | 0.95✓
  Position 1873 '1': 0.3✗ | 0.9✓ | 0.95✓
  Position 1874 '2': 0.3✗ | 0.9✓ | 0.95✓
  Position 1875 '1': 0.3✗ | 0.9✗ | 0.95✓ | MISSING✓
  Position 1891 '1': 0.3✗ | 0.9✓ | 0.95✓
  Position 1892 '2': 0.3✗ | 0.9✓ | 0.95✓
  Position 1893 '2': 0.3✗ | 0.9✓ | 0.95✓
  Position 1894 '0': 0.3✗ | 0.9✓ | 0.95✓
  Position 1917 '1': 0.3✗ | 0.9✗ | 0.95✗
  Position 1919 '2': 0.3✗ | 0.9✗ | 0.95✗
  Position 1931 '1': 0.3✗ | 0.9✓ | 0.95✓
  Position 1934 '1': 0.3✗ | 0.9✓ | 0.95✓
  Position 1947 '1': 0.3✗ | 0.9✓ | 0.95✓
  Position 1948 '0': 0.3✗ | 0.9✗ | 0.95✓ | MISSING✓
  Position 1979 '1': 0.3✗ | 0.9✓ | 0.95✓
  Position 1980 '2': 0.3✓ | 0.9✓ | 0.95✓
  Position 1981 '1': 0.3✓ | 0.9✓ | 0.95✓
  Position 2049 '1': 0.3✗ | 0.9✓ | 0.95✓
  Position 2053 '1': 0.3✗ | 0.9✓ | 0.95✓
  Position 2054 '2': 0.3✗ | 0.9✓ | 0.95✓
  Position 2055 '2': 0.3✗ | 0.9✓ | 0.95✓
  Position 2056 '0': 0.3✗ | 0.9✓ | 0.95✓

--- Keyword: 'Gloucester' ---
  Position   82 'ster': 0.3✗ | 0.9✓ | 0.95✓
  Position  233 'ster': 0.3✗ | 0.9✓ | 0.95✓
  Position  455 'ster': 0.3✗ | 0.9✓ | 0.95✓
  Position 1464 'ster': 0.3✓ | 0.9✓ | 0.95✓
  Position 1870 'ster': 0.3✗ | 0.9✓ | 0.95✓
  Position 2021 'ster': 0.3✗ | 0.9✓ | 0.95✓

====================================================================================================
DETAILED ANALYSIS: 1216 vs 1220
====================================================================================================

=== 1216 ===
  All tokens in ratio=0.3:  False
  All tokens in ratio=0.9:  False
  All tokens in ratio=0.95: False
  Any token in missing (0.95-0.9): True
    Position 52: '1' -> 0.3:True | 0.9:True | 0.95:True | missing:False
    Position 54: '6' -> 0.3:False | 0.9:True | 0.95:True | missing:False
    Position 55: '6' -> 0.3:False | 0.9:False | 0.95:True | missing:True
    Position 85: '1' -> 0.3:False | 0.9:True | 0.95:True | missing:False
    Position 86: '2' -> 0.3:False | 0.9:True | 0.95:True | missing:False
    Position 87: '1' -> 0.3:False | 0.9:False | 0.95:True | missing:True
    Position 88: '6' -> 0.3:False | 0.9:True | 0.95:True | missing:False
    Position 103: '1' -> 0.3:False | 0.9:True | 0.95:True | missing:False
    Position 104: '2' -> 0.3:False | 0.9:True | 0.95:True | missing:False
    Position 105: '2' -> 0.3:False | 0.9:True | 0.95:True | missing:False
    Position 129: '1' -> 0.3:False | 0.9:False | 0.95:False | missing:False
    Position 131: '2' -> 0.3:False | 0.9:False | 0.95:False | missing:False
    Position 143: '1' -> 0.3:False | 0.9:True | 0.95:True | missing:False
    Position 146: '1' -> 0.3:False | 0.9:True | 0.95:True | missing:False
    Position 159: '1' -> 0.3:False | 0.9:True | 0.95:True | missing:False
    Position 161: '6' -> 0.3:False | 0.9:True | 0.95:True | missing:False
    Position 162: '6' -> 0.3:False | 0.9:False | 0.95:True | missing:True
    Position 191: '1' -> 0.3:False | 0.9:True | 0.95:True | missing:False
    Position 192: '2' -> 0.3:True | 0.9:True | 0.95:True | missing:False
    Position 193: '1' -> 0.3:True | 0.9:True | 0.95:True | missing:False
    Position 194: '6' -> 0.3:True | 0.9:True | 0.95:True | missing:False
    Position 261: '1' -> 0.3:False | 0.9:True | 0.95:True | missing:False
    Position 265: '1' -> 0.3:False | 0.9:True | 0.95:True | missing:False
    Position 266: '2' -> 0.3:False | 0.9:True | 0.95:True | missing:False
    Position 267: '2' -> 0.3:False | 0.9:True | 0.95:True | missing:False
    Position 338: '1' -> 0.3:False | 0.9:True | 0.95:True | missing:False
    Position 345: '1' -> 0.3:False | 0.9:True | 0.95:True | missing:False
    Position 348: '1' -> 0.3:False | 0.9:False | 0.95:True | missing:True
    Position 351: '1' -> 0.3:False | 0.9:False | 0.95:True | missing:True
    Position 354: '6' -> 0.3:False | 0.9:False | 0.95:False | missing:False
    Position 363: '1' -> 0.3:False | 0.9:True | 0.95:True | missing:False
    Position 463: '1' -> 0.3:False | 0.9:True | 0.95:True | missing:False
    Position 464: '2' -> 0.3:False | 0.9:True | 0.95:True | missing:False
    Position 465: '1' -> 0.3:True | 0.9:True | 0.95:True | missing:False
    Position 477: '1' -> 0.3:False | 0.9:True | 0.95:True | missing:False
    Position 478: '2' -> 0.3:False | 0.9:True | 0.95:True | missing:False
    Position 479: '1' -> 0.3:False | 0.9:True | 0.95:True | missing:False
    Position 552: '1' -> 0.3:False | 0.9:True | 0.95:True | missing:False
    Position 737: '1' -> 0.3:True | 0.9:True | 0.95:True | missing:False
    Position 738: '1' -> 0.3:True | 0.9:True | 0.95:True | missing:False
    Position 801: '1' -> 0.3:False | 0.9:True | 0.95:True | missing:False
    Position 802: '2' -> 0.3:False | 0.9:True | 0.95:True | missing:False
    Position 803: '1' -> 0.3:False | 0.9:True | 0.95:True | missing:False
    Position 884: '1' -> 0.3:False | 0.9:False | 0.95:True | missing:True
    Position 885: '2' -> 0.3:False | 0.9:False | 0.95:True | missing:True
    Position 886: '6' -> 0.3:False | 0.9:True | 0.95:True | missing:False
    Position 912: '1' -> 0.3:False | 0.9:False | 0.95:True | missing:True
    Position 913: '2' -> 0.3:False | 0.9:False | 0.95:True | missing:True
    Position 914: '6' -> 0.3:False | 0.9:False | 0.95:False | missing:False
    Position 918: '1' -> 0.3:False | 0.9:False | 0.95:True | missing:True
    Position 919: '2' -> 0.3:False | 0.9:True | 0.95:True | missing:False
    Position 920: '6' -> 0.3:False | 0.9:False | 0.95:False | missing:False
    Position 951: '1' -> 0.3:False | 0.9:True | 0.95:True | missing:False
    Position 952: '1' -> 0.3:False | 0.9:True | 0.95:True | missing:False
    Position 1120: '1' -> 0.3:False | 0.9:True | 0.95:True | missing:False
    Position 1121: '1' -> 0.3:False | 0.9:True | 0.95:True | missing:False
    Position 1137: '2' -> 0.3:False | 0.9:True | 0.95:True | missing:False
    Position 1140: '1' -> 0.3:False | 0.9:False | 0.95:True | missing:True
    Position 1141: '1' -> 0.3:False | 0.9:True | 0.95:True | missing:False
    Position 1205: '1' -> 0.3:False | 0.9:True | 0.95:True | missing:False
    Position 1262: '2' -> 0.3:False | 0.9:False | 0.95:True | missing:True
    Position 1276: '1' -> 0.3:False | 0.9:True | 0.95:True | missing:False
    Position 1280: '1' -> 0.3:False | 0.9:True | 0.95:True | missing:False
    Position 1300: '2' -> 0.3:False | 0.9:False | 0.95:True | missing:True
    Position 1304: '1' -> 0.3:False | 0.9:True | 0.95:True | missing:False
    Position 1305: '2' -> 0.3:False | 0.9:True | 0.95:True | missing:False
    Position 1311: '1' -> 0.3:False | 0.9:True | 0.95:True | missing:False
    Position 1312: '2' -> 0.3:False | 0.9:True | 0.95:True | missing:False
    Position 1390: '1' -> 0.3:False | 0.9:True | 0.95:True | missing:False
    Position 1391: '1' -> 0.3:False | 0.9:True | 0.95:True | missing:False
    Position 1706: '1' -> 0.3:False | 0.9:True | 0.95:True | missing:False
    Position 1707: '2' -> 0.3:False | 0.9:False | 0.95:True | missing:True
    Position 1708: '2' -> 0.3:False | 0.9:False | 0.95:True | missing:True
    Position 1715: '1' -> 0.3:False | 0.9:True | 0.95:True | missing:False
    Position 1716: '2' -> 0.3:False | 0.9:True | 0.95:True | missing:False
    Position 1718: '6' -> 0.3:False | 0.9:True | 0.95:True | missing:False
    Position 1745: '6' -> 0.3:False | 0.9:True | 0.95:True | missing:False
    Position 1761: '1' -> 0.3:False | 0.9:False | 0.95:True | missing:True
    Position 1762: '2' -> 0.3:False | 0.9:False | 0.95:True | missing:True
    Position 1840: '1' -> 0.3:True | 0.9:True | 0.95:True | missing:False
    Position 1842: '6' -> 0.3:False | 0.9:True | 0.95:True | missing:False
    Position 1843: '6' -> 0.3:False | 0.9:False | 0.95:True | missing:True
    Position 1873: '1' -> 0.3:False | 0.9:True | 0.95:True | missing:False
    Position 1874: '2' -> 0.3:False | 0.9:True | 0.95:True | missing:False
    Position 1875: '1' -> 0.3:False | 0.9:False | 0.95:True | missing:True
    Position 1876: '6' -> 0.3:False | 0.9:True | 0.95:True | missing:False
    Position 1891: '1' -> 0.3:False | 0.9:True | 0.95:True | missing:False
    Position 1892: '2' -> 0.3:False | 0.9:True | 0.95:True | missing:False
    Position 1893: '2' -> 0.3:False | 0.9:True | 0.95:True | missing:False
    Position 1917: '1' -> 0.3:False | 0.9:False | 0.95:False | missing:False
    Position 1919: '2' -> 0.3:False | 0.9:False | 0.95:False | missing:False
    Position 1931: '1' -> 0.3:False | 0.9:True | 0.95:True | missing:False
    Position 1934: '1' -> 0.3:False | 0.9:True | 0.95:True | missing:False
    Position 1947: '1' -> 0.3:False | 0.9:True | 0.95:True | missing:False
    Position 1949: '6' -> 0.3:False | 0.9:True | 0.95:True | missing:False
    Position 1950: '6' -> 0.3:False | 0.9:False | 0.95:True | missing:True
    Position 1979: '1' -> 0.3:False | 0.9:True | 0.95:True | missing:False
    Position 1980: '2' -> 0.3:True | 0.9:True | 0.95:True | missing:False
    Position 1981: '1' -> 0.3:True | 0.9:True | 0.95:True | missing:False
    Position 1982: '6' -> 0.3:True | 0.9:True | 0.95:True | missing:False
    Position 2049: '1' -> 0.3:False | 0.9:True | 0.95:True | missing:False
    Position 2053: '1' -> 0.3:False | 0.9:True | 0.95:True | missing:False
    Position 2054: '2' -> 0.3:False | 0.9:True | 0.95:True | missing:False
    Position 2055: '2' -> 0.3:False | 0.9:True | 0.95:True | missing:False

=== 1220 ===
  All tokens in ratio=0.3:  False
  All tokens in ratio=0.9:  False
  All tokens in ratio=0.95: False
  Any token in missing (0.95-0.9): True
    Position 52: '1' -> 0.3:True | 0.9:True | 0.95:True | missing:False
    Position 53: '0' -> 0.3:False | 0.9:True | 0.95:True | missing:False
    Position 85: '1' -> 0.3:False | 0.9:True | 0.95:True | missing:False
    Position 86: '2' -> 0.3:False | 0.9:True | 0.95:True | missing:False
    Position 87: '1' -> 0.3:False | 0.9:False | 0.95:True | missing:True
    Position 103: '1' -> 0.3:False | 0.9:True | 0.95:True | missing:False
    Position 104: '2' -> 0.3:False | 0.9:True | 0.95:True | missing:False
    Position 105: '2' -> 0.3:False | 0.9:True | 0.95:True | missing:False
    Position 106: '0' -> 0.3:False | 0.9:True | 0.95:True | missing:False
    Position 129: '1' -> 0.3:False | 0.9:False | 0.95:False | missing:False
    Position 131: '2' -> 0.3:False | 0.9:False | 0.95:False | missing:False
    Position 143: '1' -> 0.3:False | 0.9:True | 0.95:True | missing:False
    Position 146: '1' -> 0.3:False | 0.9:True | 0.95:True | missing:False
    Position 159: '1' -> 0.3:False | 0.9:True | 0.95:True | missing:False
    Position 160: '0' -> 0.3:False | 0.9:False | 0.95:True | missing:True
    Position 191: '1' -> 0.3:False | 0.9:True | 0.95:True | missing:False
    Position 192: '2' -> 0.3:True | 0.9:True | 0.95:True | missing:False
    Position 193: '1' -> 0.3:True | 0.9:True | 0.95:True | missing:False
    Position 261: '1' -> 0.3:False | 0.9:True | 0.95:True | missing:False
    Position 265: '1' -> 0.3:False | 0.9:True | 0.95:True | missing:False
    Position 266: '2' -> 0.3:False | 0.9:True | 0.95:True | missing:False
    Position 267: '2' -> 0.3:False | 0.9:True | 0.95:True | missing:False
    Position 268: '0' -> 0.3:False | 0.9:True | 0.95:True | missing:False
    Position 338: '1' -> 0.3:False | 0.9:True | 0.95:True | missing:False
    Position 340: '0' -> 0.3:False | 0.9:True | 0.95:True | missing:False
    Position 345: '1' -> 0.3:False | 0.9:True | 0.95:True | missing:False
    Position 347: '0' -> 0.3:False | 0.9:True | 0.95:True | missing:False
    Position 348: '1' -> 0.3:False | 0.9:False | 0.95:True | missing:True
    Position 351: '1' -> 0.3:False | 0.9:False | 0.95:True | missing:True
    Position 363: '1' -> 0.3:False | 0.9:True | 0.95:True | missing:False
    Position 366: '0' -> 0.3:False | 0.9:False | 0.95:False | missing:False
    Position 463: '1' -> 0.3:False | 0.9:True | 0.95:True | missing:False
    Position 464: '2' -> 0.3:False | 0.9:True | 0.95:True | missing:False
    Position 465: '1' -> 0.3:True | 0.9:True | 0.95:True | missing:False
    Position 477: '1' -> 0.3:False | 0.9:True | 0.95:True | missing:False
    Position 478: '2' -> 0.3:False | 0.9:True | 0.95:True | missing:False
    Position 479: '1' -> 0.3:False | 0.9:True | 0.95:True | missing:False
    Position 552: '1' -> 0.3:False | 0.9:True | 0.95:True | missing:False
    Position 737: '1' -> 0.3:True | 0.9:True | 0.95:True | missing:False
    Position 738: '1' -> 0.3:True | 0.9:True | 0.95:True | missing:False
    Position 801: '1' -> 0.3:False | 0.9:True | 0.95:True | missing:False
    Position 802: '2' -> 0.3:False | 0.9:True | 0.95:True | missing:False
    Position 803: '1' -> 0.3:False | 0.9:True | 0.95:True | missing:False
    Position 884: '1' -> 0.3:False | 0.9:False | 0.95:True | missing:True
    Position 885: '2' -> 0.3:False | 0.9:False | 0.95:True | missing:True
    Position 912: '1' -> 0.3:False | 0.9:False | 0.95:True | missing:True
    Position 913: '2' -> 0.3:False | 0.9:False | 0.95:True | missing:True
    Position 918: '1' -> 0.3:False | 0.9:False | 0.95:True | missing:True
    Position 919: '2' -> 0.3:False | 0.9:True | 0.95:True | missing:False
    Position 951: '1' -> 0.3:False | 0.9:True | 0.95:True | missing:False
    Position 952: '1' -> 0.3:False | 0.9:True | 0.95:True | missing:False
    Position 1120: '1' -> 0.3:False | 0.9:True | 0.95:True | missing:False
    Position 1121: '1' -> 0.3:False | 0.9:True | 0.95:True | missing:False
    Position 1137: '2' -> 0.3:False | 0.9:True | 0.95:True | missing:False
    Position 1140: '1' -> 0.3:False | 0.9:False | 0.95:True | missing:True
    Position 1141: '1' -> 0.3:False | 0.9:True | 0.95:True | missing:False
    Position 1142: '0' -> 0.3:False | 0.9:True | 0.95:True | missing:False
    Position 1143: '0' -> 0.3:False | 0.9:False | 0.95:True | missing:True
    Position 1205: '1' -> 0.3:False | 0.9:True | 0.95:True | missing:False
    Position 1262: '2' -> 0.3:False | 0.9:False | 0.95:True | missing:True
    Position 1263: '0' -> 0.3:False | 0.9:False | 0.95:False | missing:False
    Position 1276: '1' -> 0.3:False | 0.9:True | 0.95:True | missing:False
    Position 1280: '1' -> 0.3:False | 0.9:True | 0.95:True | missing:False
    Position 1283: '0' -> 0.3:False | 0.9:True | 0.95:True | missing:False
    Position 1300: '2' -> 0.3:False | 0.9:False | 0.95:True | missing:True
    Position 1304: '1' -> 0.3:False | 0.9:True | 0.95:True | missing:False
    Position 1305: '2' -> 0.3:False | 0.9:True | 0.95:True | missing:False
    Position 1311: '1' -> 0.3:False | 0.9:True | 0.95:True | missing:False
    Position 1312: '2' -> 0.3:False | 0.9:True | 0.95:True | missing:False
    Position 1390: '1' -> 0.3:False | 0.9:True | 0.95:True | missing:False
    Position 1391: '1' -> 0.3:False | 0.9:True | 0.95:True | missing:False
    Position 1706: '1' -> 0.3:False | 0.9:True | 0.95:True | missing:False
    Position 1707: '2' -> 0.3:False | 0.9:False | 0.95:True | missing:True
    Position 1708: '2' -> 0.3:False | 0.9:False | 0.95:True | missing:True
    Position 1715: '1' -> 0.3:False | 0.9:True | 0.95:True | missing:False
    Position 1716: '2' -> 0.3:False | 0.9:True | 0.95:True | missing:False
    Position 1761: '1' -> 0.3:False | 0.9:False | 0.95:True | missing:True
    Position 1762: '2' -> 0.3:False | 0.9:False | 0.95:True | missing:True
    Position 1840: '1' -> 0.3:True | 0.9:True | 0.95:True | missing:False
    Position 1841: '0' -> 0.3:False | 0.9:True | 0.95:True | missing:False
    Position 1873: '1' -> 0.3:False | 0.9:True | 0.95:True | missing:False
    Position 1874: '2' -> 0.3:False | 0.9:True | 0.95:True | missing:False
    Position 1875: '1' -> 0.3:False | 0.9:False | 0.95:True | missing:True
    Position 1891: '1' -> 0.3:False | 0.9:True | 0.95:True | missing:False
    Position 1892: '2' -> 0.3:False | 0.9:True | 0.95:True | missing:False
    Position 1893: '2' -> 0.3:False | 0.9:True | 0.95:True | missing:False
    Position 1894: '0' -> 0.3:False | 0.9:True | 0.95:True | missing:False
    Position 1917: '1' -> 0.3:False | 0.9:False | 0.95:False | missing:False
    Position 1919: '2' -> 0.3:False | 0.9:False | 0.95:False | missing:False
    Position 1931: '1' -> 0.3:False | 0.9:True | 0.95:True | missing:False
    Position 1934: '1' -> 0.3:False | 0.9:True | 0.95:True | missing:False
    Position 1947: '1' -> 0.3:False | 0.9:True | 0.95:True | missing:False
    Position 1948: '0' -> 0.3:False | 0.9:False | 0.95:True | missing:True
    Position 1979: '1' -> 0.3:False | 0.9:True | 0.95:True | missing:False
    Position 1980: '2' -> 0.3:True | 0.9:True | 0.95:True | missing:False
    Position 1981: '1' -> 0.3:True | 0.9:True | 0.95:True | missing:False
    Position 2049: '1' -> 0.3:False | 0.9:True | 0.95:True | missing:False
    Position 2053: '1' -> 0.3:False | 0.9:True | 0.95:True | missing:False
    Position 2054: '2' -> 0.3:False | 0.9:True | 0.95:True | missing:False
    Position 2055: '2' -> 0.3:False | 0.9:True | 0.95:True | missing:False
    Position 2056: '0' -> 0.3:False | 0.9:True | 0.95:True | missing:False
